[     124ms] [WARNING] cdn.tailwindcss.com should not be used in production. To use Tailwind CSS in production, install it as a PostCSS plugin or use the Tailwind CLI: https://tailwindcss.com/docs/installation @ https://cdn.tailwindcss.com/:63
[     166ms] [LOG] Added context menu listeners to: {container: div.viewer-container, canvas: canvas.viewer-canvas} @ http://localhost:8000/gallery.html:260
[     167ms] [LOG] Loading directory: statue @ http://localhost:8000/gallery.html:306
[     167ms] [LOG] Loading assets from assets/statue/ @ http://localhost:8000/gallery.html:311
[     172ms] [LOG] Added context menu listeners to: {container: div.viewer-container, canvas: canvas.viewer-canvas} @ http://localhost:8000/gallery.html:260
[     173ms] [LOG] Loading directory: cubic_explosion @ http://localhost:8000/gallery.html:306
[     173ms] [LOG] Loading assets from assets/cubic_explosion/ @ http://localhost:8000/gallery.html:311
[     178ms] [LOG] Added context menu listeners to: {container: div.viewer-container, canvas: canvas.viewer-canvas} @ http://localhost:8000/gallery.html:260
[     178ms] [LOG] Loading directory: labubu @ http://localhost:8000/gallery.html:306
[     178ms] [LOG] Loading assets from assets/labubu/ @ http://localhost:8000/gallery.html:311
[     184ms] [LOG] Added context menu listeners to: {container: div.viewer-container, canvas: canvas.viewer-canvas} @ http://localhost:8000/gallery.html:260
[     184ms] [LOG] Loading directory: birdcage @ http://localhost:8000/gallery.html:306
[     184ms] [LOG] Loading assets from assets/birdcage/ @ http://localhost:8000/gallery.html:311
[     189ms] [LOG] Added context menu listeners to: {container: div.viewer-container, canvas: canvas.viewer-canvas} @ http://localhost:8000/gallery.html:260
[     189ms] [LOG] Loading directory: jonesy @ http://localhost:8000/gallery.html:306
[     189ms] [LOG] Loading assets from assets/jonesy/ @ http://localhost:8000/gallery.html:311
[     206ms] [LOG] Starting to load 3D model assets... @ http://localhost:8000/gallery.html:386
[     208ms] [LOG] Starting to load 3D model assets... @ http://localhost:8000/gallery.html:386
[     208ms] [LOG] Starting to load 3D model assets... @ http://localhost:8000/gallery.html:386
[     213ms] [LOG] Starting to load 3D model assets... @ http://localhost:8000/gallery.html:386
[     213ms] [LOG] Starting to load 3D model assets... @ http://localhost:8000/gallery.html:386
[     220ms] [LOG] Material loaded successfully @ http://localhost:8000/gallery.html:392
[     221ms] [LOG] Material loaded successfully @ http://localhost:8000/gallery.html:392
[     221ms] [LOG] Material loaded successfully @ http://localhost:8000/gallery.html:392
[     228ms] [LOG] Material loaded successfully @ http://localhost:8000/gallery.html:392
[     229ms] [LOG] Loading 3D model... 20.3% @ http://localhost:8000/gallery.html:413
[     229ms] [LOG] Loading 3D model... 22.2% @ http://localhost:8000/gallery.html:413
[     230ms] [LOG] Loading 3D model... 27.1% @ http://localhost:8000/gallery.html:413
[     231ms] [LOG] Loading 3D model... 29.7% @ http://localhost:8000/gallery.html:413
[     232ms] [LOG] Loading 3D model... 18.1% @ http://localhost:8000/gallery.html:413
[     232ms] [LOG] Loading 3D model... 19.8% @ http://localhost:8000/gallery.html:413
[     233ms] [LOG] Loading 3D model... 20.3% @ http://localhost:8000/gallery.html:413
[     233ms] [LOG] Loading 3D model... 20.9% @ http://localhost:8000/gallery.html:413
[     233ms] [LOG] Material loaded successfully @ http://localhost:8000/gallery.html:392
[     234ms] [LOG] Loading 3D model... 40.5% @ http://localhost:8000/gallery.html:413
[     235ms] [LOG] Loading 3D model... 44.3% @ http://localhost:8000/gallery.html:413
[     235ms] [LOG] Loading 3D model... 55.7% @ http://localhost:8000/gallery.html:413
[     236ms] [LOG] Loading 3D model... 60.8% @ http://localhost:8000/gallery.html:413
[     236ms] [LOG] Loading 3D model... 62.7% @ http://localhost:8000/gallery.html:413
[     236ms] [LOG] Loading 3D model... 63.4% @ http://localhost:8000/gallery.html:413
[     236ms] [LOG] Loading 3D model... 64.0% @ http://localhost:8000/gallery.html:413
[     236ms] [LOG] Loading 3D model... 64.6% @ http://localhost:8000/gallery.html:413
[     237ms] [LOG] Loading 3D model... 81.1% @ http://localhost:8000/gallery.html:413
[     237ms] [LOG] Loading 3D model... 86.2% @ http://localhost:8000/gallery.html:413
[     237ms] [LOG] Loading 3D model... 86.8% @ http://localhost:8000/gallery.html:413
[     237ms] [LOG] Loading 3D model... 87.4% @ http://localhost:8000/gallery.html:413
[     238ms] [LOG] Loading 3D model... 100.0% @ http://localhost:8000/gallery.html:413
[     242ms] [LOG] Loading 3D model... 54.3% @ http://localhost:8000/gallery.html:413
[     242ms] [LOG] Loading 3D model... 57.7% @ http://localhost:8000/gallery.html:413
[     243ms] [LOG] Loading 3D model... 58.5% @ http://localhost:8000/gallery.html:413
[     243ms] [LOG] Loading 3D model... 59.4% @ http://localhost:8000/gallery.html:413
[     243ms] [LOG] Loading 3D model... 68.7% @ http://localhost:8000/gallery.html:413
[     244ms] [LOG] Loading 3D model... 72.9% @ http://localhost:8000/gallery.html:413
[     244ms] [LOG] Loading 3D model... 75.5% @ http://localhost:8000/gallery.html:413
[     244ms] [LOG] Loading 3D model... 81.4% @ http://localhost:8000/gallery.html:413
[     244ms] [LOG] Loading 3D model... 97.5% @ http://localhost:8000/gallery.html:413
[     245ms] [LOG] Loading 3D model... 100.0% @ http://localhost:8000/gallery.html:413
[     245ms] [LOG] Loading 3D model... 36.1% @ http://localhost:8000/gallery.html:413
[     246ms] [LOG] Loading 3D model... 39.5% @ http://localhost:8000/gallery.html:413
[     246ms] [LOG] Loading 3D model... 44.6% @ http://localhost:8000/gallery.html:413
[     246ms] [LOG] Loading 3D model... 47.4% @ http://localhost:8000/gallery.html:413
[     247ms] [LOG] Loading 3D model... 48.0% @ http://localhost:8000/gallery.html:413
[     247ms] [LOG] Loading 3D model... 54.2% @ http://localhost:8000/gallery.html:413
[     247ms] [LOG] Loading 3D model... 67.2% @ http://localhost:8000/gallery.html:413
[     248ms] [LOG] Loading 3D model... 70.0% @ http://localhost:8000/gallery.html:413
[     248ms] [LOG] Loading 3D model... 72.3% @ http://localhost:8000/gallery.html:413
[     248ms] [LOG] Loading 3D model... 74.0% @ http://localhost:8000/gallery.html:413
[     256ms] [LOG] Loading 3D model... 3.6% @ http://localhost:8000/gallery.html:413
[     256ms] [LOG] Loading 3D model... 4.0% @ http://localhost:8000/gallery.html:413
[     262ms] [LOG] Loading 3D model... 90.3% @ http://localhost:8000/gallery.html:413
[     263ms] [LOG] Loading 3D model... 94.3% @ http://localhost:8000/gallery.html:413
[     263ms] [LOG] Loading 3D model... 95.4% @ http://localhost:8000/gallery.html:413
[     263ms] [LOG] Loading 3D model... 96.0% @ http://localhost:8000/gallery.html:413
[     263ms] [LOG] Loading 3D model... 100.0% @ http://localhost:8000/gallery.html:413
[     264ms] [LOG] Loading 3D model... 14.4% @ http://localhost:8000/gallery.html:413
[     264ms] [LOG] Loading 3D model... 15.7% @ http://localhost:8000/gallery.html:413
[     355ms] [LOG] 3D model loaded successfully @ http://localhost:8000/gallery.html:400
[     382ms] [LOG] Successfully loaded all assets for cubic_explosion @ http://localhost:8000/gallery.html:376
[     549ms] [LOG] Loading 3D model... 7.3% @ http://localhost:8000/gallery.html:413
[     550ms] [LOG] Loading 3D model... 7.6% @ http://localhost:8000/gallery.html:413
[     550ms] [LOG] Loading 3D model... 7.7% @ http://localhost:8000/gallery.html:413
[     550ms] [LOG] Loading 3D model... 7.8% @ http://localhost:8000/gallery.html:413
[     550ms] [LOG] Loading 3D model... 9.2% @ http://localhost:8000/gallery.html:413
[     623ms] [LOG] 3D model loaded successfully @ http://localhost:8000/gallery.html:400
[     635ms] [LOG] Successfully loaded all assets for labubu @ http://localhost:8000/gallery.html:376
[     642ms] [LOG] Loading 3D model... 28.8% @ http://localhost:8000/gallery.html:413
[     643ms] [LOG] Loading 3D model... 31.0% @ http://localhost:8000/gallery.html:413
[     643ms] [LOG] Loading 3D model... 31.5% @ http://localhost:8000/gallery.html:413
[     643ms] [LOG] Loading 3D model... 40.5% @ http://localhost:8000/gallery.html:413
[     644ms] [LOG] Loading 3D model... 43.2% @ http://localhost:8000/gallery.html:413
[     644ms] [LOG] Loading 3D model... 47.7% @ http://localhost:8000/gallery.html:413
[     644ms] [LOG] Loading 3D model... 49.0% @ http://localhost:8000/gallery.html:413
[     644ms] [LOG] Loading 3D model... 49.5% @ http://localhost:8000/gallery.html:413
[     645ms] [LOG] Loading 3D model... 57.6% @ http://localhost:8000/gallery.html:413
[     645ms] [LOG] Loading 3D model... 65.2% @ http://localhost:8000/gallery.html:413
[     646ms] [LOG] Loading 3D model... 66.1% @ http://localhost:8000/gallery.html:413
[     646ms] [LOG] Loading 3D model... 66.6% @ http://localhost:8000/gallery.html:413
[     647ms] [LOG] Loading 3D model... 72.0% @ http://localhost:8000/gallery.html:413
[     647ms] [LOG] Loading 3D model... 81.4% @ http://localhost:8000/gallery.html:413
[     648ms] [LOG] Loading 3D model... 85.0% @ http://localhost:8000/gallery.html:413
[     648ms] [LOG] Loading 3D model... 85.9% @ http://localhost:8000/gallery.html:413
[     648ms] [LOG] Loading 3D model... 86.4% @ http://localhost:8000/gallery.html:413
[     837ms] [LOG] Loading 3D model... 10.9% @ http://localhost:8000/gallery.html:413
[     838ms] [LOG] Loading 3D model... 12.9% @ http://localhost:8000/gallery.html:413
[     838ms] [LOG] Loading 3D model... 14.2% @ http://localhost:8000/gallery.html:413
[     838ms] [LOG] Loading 3D model... 14.5% @ http://localhost:8000/gallery.html:413
[     839ms] [LOG] Loading 3D model... 16.4% @ http://localhost:8000/gallery.html:413
[     841ms] [LOG] Loading 3D model... 17.0% @ http://localhost:8000/gallery.html:413
[     841ms] [LOG] Loading 3D model... 17.5% @ http://localhost:8000/gallery.html:413
[     841ms] [LOG] Loading 3D model... 17.7% @ http://localhost:8000/gallery.html:413
[     944ms] [LOG] 3D model loaded successfully @ http://localhost:8000/gallery.html:400
[     965ms] [LOG] Successfully loaded all assets for statue @ http://localhost:8000/gallery.html:376
[    1152ms] [LOG] Loading 3D model... 100.0% @ http://localhost:8000/gallery.html:413
[    1161ms] [LOG] Loading 3D model... 18.1% @ http://localhost:8000/gallery.html:413
[    1161ms] [LOG] Loading 3D model... 21.3% @ http://localhost:8000/gallery.html:413
[    1162ms] [LOG] Loading 3D model... 21.8% @ http://localhost:8000/gallery.html:413
[    1162ms] [LOG] Loading 3D model... 22.7% @ http://localhost:8000/gallery.html:413
[    1162ms] [LOG] Loading 3D model... 22.9% @ http://localhost:8000/gallery.html:413
[    1162ms] [LOG] Loading 3D model... 23.0% @ http://localhost:8000/gallery.html:413
[    1162ms] [LOG] Loading 3D model... 23.7% @ http://localhost:8000/gallery.html:413
[    1162ms] [LOG] Loading 3D model... 24.2% @ http://localhost:8000/gallery.html:413
[    1162ms] [LOG] Loading 3D model... 24.3% @ http://localhost:8000/gallery.html:413
[    1162ms] [LOG] Loading 3D model... 25.2% @ http://localhost:8000/gallery.html:413
[    1162ms] [LOG] Loading 3D model... 25.4% @ http://localhost:8000/gallery.html:413
[    1163ms] [LOG] Loading 3D model... 25.7% @ http://localhost:8000/gallery.html:413
[    1163ms] [LOG] Loading 3D model... 25.9% @ http://localhost:8000/gallery.html:413
[    1163ms] [LOG] Loading 3D model... 27.1% @ http://localhost:8000/gallery.html:413
[    1163ms] [LOG] Loading 3D model... 27.8% @ http://localhost:8000/gallery.html:413
[    1163ms] [LOG] Loading 3D model... 28.1% @ http://localhost:8000/gallery.html:413
[    1163ms] [LOG] Loading 3D model... 29.0% @ http://localhost:8000/gallery.html:413
[    1294ms] [LOG] 3D model loaded successfully @ http://localhost:8000/gallery.html:400
[    1321ms] [LOG] Successfully loaded all assets for jonesy @ http://localhost:8000/gallery.html:376
[    1499ms] [LOG] Loading 3D model... 32.7% @ http://localhost:8000/gallery.html:413
[    1503ms] [LOG] Loading 3D model... 36.3% @ http://localhost:8000/gallery.html:413
[    1504ms] [LOG] Loading 3D model... 37.2% @ http://localhost:8000/gallery.html:413
[    1504ms] [LOG] Loading 3D model... 37.5% @ http://localhost:8000/gallery.html:413
[    1504ms] [LOG] Loading 3D model... 37.7% @ http://localhost:8000/gallery.html:413
[    1504ms] [LOG] Loading 3D model... 37.8% @ http://localhost:8000/gallery.html:413
[    1504ms] [LOG] Loading 3D model... 38.4% @ http://localhost:8000/gallery.html:413
[    1504ms] [LOG] Loading 3D model... 38.7% @ http://localhost:8000/gallery.html:413
[    1504ms] [LOG] Loading 3D model... 38.8% @ http://localhost:8000/gallery.html:413
[    1504ms] [LOG] Loading 3D model... 39.5% @ http://localhost:8000/gallery.html:413
[    1504ms] [LOG] Loading 3D model... 39.7% @ http://localhost:8000/gallery.html:413
[    1505ms] [LOG] Loading 3D model... 39.8% @ http://localhost:8000/gallery.html:413
[    1505ms] [LOG] Loading 3D model... 39.9% @ http://localhost:8000/gallery.html:413
[    1505ms] [LOG] Loading 3D model... 40.6% @ http://localhost:8000/gallery.html:413
[    1505ms] [LOG] Loading 3D model... 40.8% @ http://localhost:8000/gallery.html:413
[    1505ms] [LOG] Loading 3D model... 40.9% @ http://localhost:8000/gallery.html:413
[    1505ms] [LOG] Loading 3D model... 41.5% @ http://localhost:8000/gallery.html:413
[    1505ms] [LOG] Loading 3D model... 41.6% @ http://localhost:8000/gallery.html:413
[    1505ms] [LOG] Loading 3D model... 41.7% @ http://localhost:8000/gallery.html:413
[    1505ms] [LOG] Loading 3D model... 42.2% @ http://localhost:8000/gallery.html:413
[    1505ms] [LOG] Loading 3D model... 42.4% @ http://localhost:8000/gallery.html:413
[    1505ms] [LOG] Loading 3D model... 42.8% @ http://localhost:8000/gallery.html:413
[    1505ms] [LOG] Loading 3D model... 42.9% @ http://localhost:8000/gallery.html:413
[    1505ms] [LOG] Loading 3D model... 43.0% @ http://localhost:8000/gallery.html:413
[    1505ms] [LOG] Loading 3D model... 43.2% @ http://localhost:8000/gallery.html:413
[    1505ms] [LOG] Loading 3D model... 43.3% @ http://localhost:8000/gallery.html:413
[    1505ms] [LOG] Loading 3D model... 43.6% @ http://localhost:8000/gallery.html:413
[    1508ms] [LOG] Loading 3D model... 46.0% @ http://localhost:8000/gallery.html:413
[    1508ms] [LOG] Loading 3D model... 47.2% @ http://localhost:8000/gallery.html:413
[    1508ms] [LOG] Loading 3D model... 47.3% @ http://localhost:8000/gallery.html:413
[    1509ms] [LOG] Loading 3D model... 47.4% @ http://localhost:8000/gallery.html:413
[    1509ms] [LOG] Loading 3D model... 47.5% @ http://localhost:8000/gallery.html:413
[    1509ms] [LOG] Loading 3D model... 47.6% @ http://localhost:8000/gallery.html:413
[    1513ms] [LOG] Loading 3D model... 50.8% @ http://localhost:8000/gallery.html:413
[    1513ms] [LOG] Loading 3D model... 51.6% @ http://localhost:8000/gallery.html:413
[    1513ms] [LOG] Loading 3D model... 51.7% @ http://localhost:8000/gallery.html:413
[    1514ms] [LOG] Loading 3D model... 54.4% @ http://localhost:8000/gallery.html:413
[    1514ms] [LOG] Loading 3D model... 55.5% @ http://localhost:8000/gallery.html:413
[    1514ms] [LOG] Loading 3D model... 55.6% @ http://localhost:8000/gallery.html:413
[    1514ms] [LOG] Loading 3D model... 56.5% @ http://localhost:8000/gallery.html:413
[    1515ms] [LOG] Loading 3D model... 57.2% @ http://localhost:8000/gallery.html:413
[    1515ms] [LOG] Loading 3D model... 57.3% @ http://localhost:8000/gallery.html:413
[    1515ms] [LOG] Loading 3D model... 57.5% @ http://localhost:8000/gallery.html:413
[    1515ms] [LOG] Loading 3D model... 57.6% @ http://localhost:8000/gallery.html:413
[    1516ms] [LOG] Loading 3D model... 58.1% @ http://localhost:8000/gallery.html:413
[    1518ms] [LOG] Loading 3D model... 61.7% @ http://localhost:8000/gallery.html:413
[    1519ms] [LOG] Loading 3D model... 65.2% @ http://localhost:8000/gallery.html:413
[    1523ms] [LOG] Loading 3D model... 65.3% @ http://localhost:8000/gallery.html:413
[    1524ms] [LOG] Loading 3D model... 69.0% @ http://localhost:8000/gallery.html:413
[    1525ms] [LOG] Loading 3D model... 70.4% @ http://localhost:8000/gallery.html:413
[    1525ms] [LOG] Loading 3D model... 71.0% @ http://localhost:8000/gallery.html:413
[    1525ms] [LOG] Loading 3D model... 71.1% @ http://localhost:8000/gallery.html:413
[    1525ms] [LOG] Loading 3D model... 71.2% @ http://localhost:8000/gallery.html:413
[    1525ms] [LOG] Loading 3D model... 72.6% @ http://localhost:8000/gallery.html:413
[    1526ms] [LOG] Loading 3D model... 72.8% @ http://localhost:8000/gallery.html:413
[    1526ms] [LOG] Loading 3D model... 73.2% @ http://localhost:8000/gallery.html:413
[    1526ms] [LOG] Loading 3D model... 73.3% @ http://localhost:8000/gallery.html:413
[    1526ms] [LOG] Loading 3D model... 73.4% @ http://localhost:8000/gallery.html:413
[    1526ms] [LOG] Loading 3D model... 73.7% @ http://localhost:8000/gallery.html:413
[    1526ms] [LOG] Loading 3D model... 73.9% @ http://localhost:8000/gallery.html:413
[    1526ms] [LOG] Loading 3D model... 74.2% @ http://localhost:8000/gallery.html:413
[    1526ms] [LOG] Loading 3D model... 74.3% @ http://localhost:8000/gallery.html:413
[    1526ms] [LOG] Loading 3D model... 74.4% @ http://localhost:8000/gallery.html:413
[    1526ms] [LOG] Loading 3D model... 74.5% @ http://localhost:8000/gallery.html:413
[    1526ms] [LOG] Loading 3D model... 74.6% @ http://localhost:8000/gallery.html:413
[    1526ms] [LOG] Loading 3D model... 74.7% @ http://localhost:8000/gallery.html:413
[    1526ms] [LOG] Loading 3D model... 75.0% @ http://localhost:8000/gallery.html:413
[    1526ms] [LOG] Loading 3D model... 75.2% @ http://localhost:8000/gallery.html:413
[    1527ms] [LOG] Loading 3D model... 75.4% @ http://localhost:8000/gallery.html:413
[    1527ms] [LOG] Loading 3D model... 75.6% @ http://localhost:8000/gallery.html:413
[    1527ms] [LOG] Loading 3D model... 75.8% @ http://localhost:8000/gallery.html:413
[    1527ms] [LOG] Loading 3D model... 75.9% @ http://localhost:8000/gallery.html:413
[    1527ms] [LOG] Loading 3D model... 76.0% @ http://localhost:8000/gallery.html:413
[    1527ms] [LOG] Loading 3D model... 76.1% @ http://localhost:8000/gallery.html:413
[    1527ms] [LOG] Loading 3D model... 76.2% @ http://localhost:8000/gallery.html:413
[    1527ms] [LOG] Loading 3D model... 76.3% @ http://localhost:8000/gallery.html:413
[    1527ms] [LOG] Loading 3D model... 76.4% @ http://localhost:8000/gallery.html:413
[    1527ms] [LOG] Loading 3D model... 76.6% @ http://localhost:8000/gallery.html:413
[    1527ms] [LOG] Loading 3D model... 76.7% @ http://localhost:8000/gallery.html:413
[    1527ms] [LOG] Loading 3D model... 76.8% @ http://localhost:8000/gallery.html:413
[    1527ms] [LOG] Loading 3D model... 76.9% @ http://localhost:8000/gallery.html:413
[    1527ms] [LOG] Loading 3D model... 77.0% @ http://localhost:8000/gallery.html:413
[    1527ms] [LOG] Loading 3D model... 77.1% @ http://localhost:8000/gallery.html:413
[    1527ms] [LOG] Loading 3D model... 77.2% @ http://localhost:8000/gallery.html:413
[    1527ms] [LOG] Loading 3D model... 77.3% @ http://localhost:8000/gallery.html:413
[    1527ms] [LOG] Loading 3D model... 77.6% @ http://localhost:8000/gallery.html:413
[    1527ms] [LOG] Loading 3D model... 77.7% @ http://localhost:8000/gallery.html:413
[    1527ms] [LOG] Loading 3D model... 77.8% @ http://localhost:8000/gallery.html:413
[    1527ms] [LOG] Loading 3D model... 77.9% @ http://localhost:8000/gallery.html:413
[    1527ms] [LOG] Loading 3D model... 78.0% @ http://localhost:8000/gallery.html:413
[    1528ms] [LOG] Loading 3D model... 78.1% @ http://localhost:8000/gallery.html:413
[    1528ms] [LOG] Loading 3D model... 78.3% @ http://localhost:8000/gallery.html:413
[    1528ms] [LOG] Loading 3D model... 78.4% @ http://localhost:8000/gallery.html:413
[    1528ms] [LOG] Loading 3D model... 78.5% @ http://localhost:8000/gallery.html:413
[    1528ms] [LOG] Loading 3D model... 78.6% @ http://localhost:8000/gallery.html:413
[    1528ms] [LOG] Loading 3D model... 78.7% @ http://localhost:8000/gallery.html:413
[    1528ms] [LOG] Loading 3D model... 78.8% @ http://localhost:8000/gallery.html:413
[    1528ms] [LOG] Loading 3D model... 78.9% @ http://localhost:8000/gallery.html:413
[    1528ms] [LOG] Loading 3D model... 79.0% @ http://localhost:8000/gallery.html:413
[    1528ms] [LOG] Loading 3D model... 79.2% @ http://localhost:8000/gallery.html:413
[    1528ms] [LOG] Loading 3D model... 79.3% @ http://localhost:8000/gallery.html:413
[    1528ms] [LOG] Loading 3D model... 79.4% @ http://localhost:8000/gallery.html:413
[    1528ms] [LOG] Loading 3D model... 79.5% @ http://localhost:8000/gallery.html:413
[    1528ms] [LOG] Loading 3D model... 79.6% @ http://localhost:8000/gallery.html:413
[    1528ms] [LOG] Loading 3D model... 79.7% @ http://localhost:8000/gallery.html:413
[    1528ms] [LOG] Loading 3D model... 79.8% @ http://localhost:8000/gallery.html:413
[    1529ms] [LOG] Loading 3D model... 80.0% @ http://localhost:8000/gallery.html:413
[    1529ms] [LOG] Loading 3D model... 80.1% @ http://localhost:8000/gallery.html:413
[    1529ms] [LOG] Loading 3D model... 80.2% @ http://localhost:8000/gallery.html:413
[    1529ms] [LOG] Loading 3D model... 80.3% @ http://localhost:8000/gallery.html:413
[    1529ms] [LOG] Loading 3D model... 80.5% @ http://localhost:8000/gallery.html:413
[    1529ms] [LOG] Loading 3D model... 80.6% @ http://localhost:8000/gallery.html:413
[    1529ms] [LOG] Loading 3D model... 80.8% @ http://localhost:8000/gallery.html:413
[    1529ms] [LOG] Loading 3D model... 80.9% @ http://localhost:8000/gallery.html:413
[    1529ms] [LOG] Loading 3D model... 81.0% @ http://localhost:8000/gallery.html:413
[    1529ms] [LOG] Loading 3D model... 81.1% @ http://localhost:8000/gallery.html:413
[    1529ms] [LOG] Loading 3D model... 81.2% @ http://localhost:8000/gallery.html:413
[    1529ms] [LOG] Loading 3D model... 81.3% @ http://localhost:8000/gallery.html:413
[    1529ms] [LOG] Loading 3D model... 81.4% @ http://localhost:8000/gallery.html:413
[    1529ms] [LOG] Loading 3D model... 81.5% @ http://localhost:8000/gallery.html:413
[    1529ms] [LOG] Loading 3D model... 81.9% @ http://localhost:8000/gallery.html:413
[    1529ms] [LOG] Loading 3D model... 82.1% @ http://localhost:8000/gallery.html:413
[    1529ms] [LOG] Loading 3D model... 82.5% @ http://localhost:8000/gallery.html:413
[    1529ms] [LOG] Loading 3D model... 82.7% @ http://localhost:8000/gallery.html:413
[    1529ms] [LOG] Loading 3D model... 82.9% @ http://localhost:8000/gallery.html:413
[    1530ms] [LOG] Loading 3D model... 83.2% @ http://localhost:8000/gallery.html:413
[    1530ms] [LOG] Loading 3D model... 83.5% @ http://localhost:8000/gallery.html:413
[    1530ms] [LOG] Loading 3D model... 83.6% @ http://localhost:8000/gallery.html:413
[    1530ms] [LOG] Loading 3D model... 84.0% @ http://localhost:8000/gallery.html:413
[    1530ms] [LOG] Loading 3D model... 84.3% @ http://localhost:8000/gallery.html:413
[    1530ms] [LOG] Loading 3D model... 84.7% @ http://localhost:8000/gallery.html:413
[    1530ms] [LOG] Loading 3D model... 84.9% @ http://localhost:8000/gallery.html:413
[    1530ms] [LOG] Loading 3D model... 85.1% @ http://localhost:8000/gallery.html:413
[    1530ms] [LOG] Loading 3D model... 85.6% @ http://localhost:8000/gallery.html:413
[    1530ms] [LOG] Loading 3D model... 85.9% @ http://localhost:8000/gallery.html:413
[    1530ms] [LOG] Loading 3D model... 86.0% @ http://localhost:8000/gallery.html:413
[    1530ms] [LOG] Loading 3D model... 86.3% @ http://localhost:8000/gallery.html:413
[    1530ms] [LOG] Loading 3D model... 86.5% @ http://localhost:8000/gallery.html:413
[    1530ms] [LOG] Loading 3D model... 86.6% @ http://localhost:8000/gallery.html:413
[    1530ms] [LOG] Loading 3D model... 86.8% @ http://localhost:8000/gallery.html:413
[    1531ms] [LOG] Loading 3D model... 87.1% @ http://localhost:8000/gallery.html:413
[    1531ms] [LOG] Loading 3D model... 87.2% @ http://localhost:8000/gallery.html:413
[    1532ms] [LOG] Loading 3D model... 87.3% @ http://localhost:8000/gallery.html:413
[    1532ms] [LOG] Loading 3D model... 87.4% @ http://localhost:8000/gallery.html:413
[    1532ms] [LOG] Loading 3D model... 87.6% @ http://localhost:8000/gallery.html:413
[    1532ms] [LOG] Loading 3D model... 87.7% @ http://localhost:8000/gallery.html:413
[    1532ms] [LOG] Loading 3D model... 87.8% @ http://localhost:8000/gallery.html:413
[    1532ms] [LOG] Loading 3D model... 87.9% @ http://localhost:8000/gallery.html:413
[    1532ms] [LOG] Loading 3D model... 88.0% @ http://localhost:8000/gallery.html:413
[    1532ms] [LOG] Loading 3D model... 88.1% @ http://localhost:8000/gallery.html:413
[    1532ms] [LOG] Loading 3D model... 88.2% @ http://localhost:8000/gallery.html:413
[    1532ms] [LOG] Loading 3D model... 88.3% @ http://localhost:8000/gallery.html:413
[    1532ms] [LOG] Loading 3D model... 88.5% @ http://localhost:8000/gallery.html:413
[    1532ms] [LOG] Loading 3D model... 88.6% @ http://localhost:8000/gallery.html:413
[    1533ms] [LOG] Loading 3D model... 88.8% @ http://localhost:8000/gallery.html:413
[    1533ms] [LOG] Loading 3D model... 88.9% @ http://localhost:8000/gallery.html:413
[    1533ms] [LOG] Loading 3D model... 89.0% @ http://localhost:8000/gallery.html:413
[    1533ms] [LOG] Loading 3D model... 89.1% @ http://localhost:8000/gallery.html:413
[    1533ms] [LOG] Loading 3D model... 89.3% @ http://localhost:8000/gallery.html:413
[    1533ms] [LOG] Loading 3D model... 89.4% @ http://localhost:8000/gallery.html:413
[    1533ms] [LOG] Loading 3D model... 89.5% @ http://localhost:8000/gallery.html:413
[    1533ms] [LOG] Loading 3D model... 89.6% @ http://localhost:8000/gallery.html:413
[    1533ms] [LOG] Loading 3D model... 89.7% @ http://localhost:8000/gallery.html:413
[    1533ms] [LOG] Loading 3D model... 89.8% @ http://localhost:8000/gallery.html:413
[    1533ms] [LOG] Loading 3D model... 89.9% @ http://localhost:8000/gallery.html:413
[    1533ms] [LOG] Loading 3D model... 90.1% @ http://localhost:8000/gallery.html:413
[    1533ms] [LOG] Loading 3D model... 90.2% @ http://localhost:8000/gallery.html:413
[    1533ms] [LOG] Loading 3D model... 90.3% @ http://localhost:8000/gallery.html:413
[    1534ms] [LOG] Loading 3D model... 90.4% @ http://localhost:8000/gallery.html:413
[    1534ms] [LOG] Loading 3D model... 90.5% @ http://localhost:8000/gallery.html:413
[    1534ms] [LOG] Loading 3D model... 90.6% @ http://localhost:8000/gallery.html:413
[    1534ms] [LOG] Loading 3D model... 90.7% @ http://localhost:8000/gallery.html:413
[    1534ms] [LOG] Loading 3D model... 90.8% @ http://localhost:8000/gallery.html:413
[    1534ms] [LOG] Loading 3D model... 91.0% @ http://localhost:8000/gallery.html:413
[    1534ms] [LOG] Loading 3D model... 91.1% @ http://localhost:8000/gallery.html:413
[    1534ms] [LOG] Loading 3D model... 91.2% @ http://localhost:8000/gallery.html:413
[    1534ms] [LOG] Loading 3D model... 91.3% @ http://localhost:8000/gallery.html:413
[    1534ms] [LOG] Loading 3D model... 91.4% @ http://localhost:8000/gallery.html:413
[    1534ms] [LOG] Loading 3D model... 91.5% @ http://localhost:8000/gallery.html:413
[    1534ms] [LOG] Loading 3D model... 91.6% @ http://localhost:8000/gallery.html:413
[    1534ms] [LOG] Loading 3D model... 91.8% @ http://localhost:8000/gallery.html:413
[    1534ms] [LOG] Loading 3D model... 91.9% @ http://localhost:8000/gallery.html:413
[    1534ms] [LOG] Loading 3D model... 92.0% @ http://localhost:8000/gallery.html:413
[    1534ms] [LOG] Loading 3D model... 92.1% @ http://localhost:8000/gallery.html:413
[    1534ms] [LOG] Loading 3D model... 92.2% @ http://localhost:8000/gallery.html:413
[    1534ms] [LOG] Loading 3D model... 92.3% @ http://localhost:8000/gallery.html:413
[    1534ms] [LOG] Loading 3D model... 92.4% @ http://localhost:8000/gallery.html:413
[    1534ms] [LOG] Loading 3D model... 92.5% @ http://localhost:8000/gallery.html:413
[    1534ms] [LOG] Loading 3D model... 92.7% @ http://localhost:8000/gallery.html:413
[    1535ms] [LOG] Loading 3D model... 92.8% @ http://localhost:8000/gallery.html:413
[    1535ms] [LOG] Loading 3D model... 93.0% @ http://localhost:8000/gallery.html:413
[    1535ms] [LOG] Loading 3D model... 93.1% @ http://localhost:8000/gallery.html:413
[    1535ms] [LOG] Loading 3D model... 93.2% @ http://localhost:8000/gallery.html:413
[    1535ms] [LOG] Loading 3D model... 93.3% @ http://localhost:8000/gallery.html:413
[    1535ms] [LOG] Loading 3D model... 93.5% @ http://localhost:8000/gallery.html:413
[    1535ms] [LOG] Loading 3D model... 93.6% @ http://localhost:8000/gallery.html:413
[    1535ms] [LOG] Loading 3D model... 93.7% @ http://localhost:8000/gallery.html:413
[    1535ms] [LOG] Loading 3D model... 93.8% @ http://localhost:8000/gallery.html:413
[    1535ms] [LOG] Loading 3D model... 93.9% @ http://localhost:8000/gallery.html:413
[    1535ms] [LOG] Loading 3D model... 94.1% @ http://localhost:8000/gallery.html:413
[    1535ms] [LOG] Loading 3D model... 94.2% @ http://localhost:8000/gallery.html:413
[    1535ms] [LOG] Loading 3D model... 94.4% @ http://localhost:8000/gallery.html:413
[    1535ms] [LOG] Loading 3D model... 94.5% @ http://localhost:8000/gallery.html:413
[    1535ms] [LOG] Loading 3D model... 94.6% @ http://localhost:8000/gallery.html:413
[    1536ms] [LOG] Loading 3D model... 94.7% @ http://localhost:8000/gallery.html:413
[    1536ms] [LOG] Loading 3D model... 94.8% @ http://localhost:8000/gallery.html:413
[    1536ms] [LOG] Loading 3D model... 94.9% @ http://localhost:8000/gallery.html:413
[    1536ms] [LOG] Loading 3D model... 95.0% @ http://localhost:8000/gallery.html:413
[    1536ms] [LOG] Loading 3D model... 95.2% @ http://localhost:8000/gallery.html:413
[    1536ms] [LOG] Loading 3D model... 95.3% @ http://localhost:8000/gallery.html:413
[    1536ms] [LOG] Loading 3D model... 95.4% @ http://localhost:8000/gallery.html:413
[    1536ms] [LOG] Loading 3D model... 95.5% @ http://localhost:8000/gallery.html:413
[    1536ms] [LOG] Loading 3D model... 95.6% @ http://localhost:8000/gallery.html:413
[    1536ms] [LOG] Loading 3D model... 95.7% @ http://localhost:8000/gallery.html:413
[    1536ms] [LOG] Loading 3D model... 95.8% @ http://localhost:8000/gallery.html:413
[    1536ms] [LOG] Loading 3D model... 95.9% @ http://localhost:8000/gallery.html:413
[    1536ms] [LOG] Loading 3D model... 96.1% @ http://localhost:8000/gallery.html:413
[    1536ms] [LOG] Loading 3D model... 96.2% @ http://localhost:8000/gallery.html:413
[    1536ms] [LOG] Loading 3D model... 96.6% @ http://localhost:8000/gallery.html:413
[    1536ms] [LOG] Loading 3D model... 97.0% @ http://localhost:8000/gallery.html:413
[    1536ms] [LOG] Loading 3D model... 97.1% @ http://localhost:8000/gallery.html:413
[    1536ms] [LOG] Loading 3D model... 97.2% @ http://localhost:8000/gallery.html:413
[    1537ms] [LOG] Loading 3D model... 97.6% @ http://localhost:8000/gallery.html:413
[    1537ms] [LOG] Loading 3D model... 97.8% @ http://localhost:8000/gallery.html:413
[    1537ms] [LOG] Loading 3D model... 97.9% @ http://localhost:8000/gallery.html:413
[    1537ms] [LOG] Loading 3D model... 98.0% @ http://localhost:8000/gallery.html:413
[    1537ms] [LOG] Loading 3D model... 98.3% @ http://localhost:8000/gallery.html:413
[    1537ms] [LOG] Loading 3D model... 98.6% @ http://localhost:8000/gallery.html:413
[    1537ms] [LOG] Loading 3D model... 98.7% @ http://localhost:8000/gallery.html:413
[    1537ms] [LOG] Loading 3D model... 98.8% @ http://localhost:8000/gallery.html:413
[    1537ms] [LOG] Loading 3D model... 99.0% @ http://localhost:8000/gallery.html:413
[    1537ms] [LOG] Loading 3D model... 99.2% @ http://localhost:8000/gallery.html:413
[    1537ms] [LOG] Loading 3D model... 99.5% @ http://localhost:8000/gallery.html:413
[    1537ms] [LOG] Loading 3D model... 99.7% @ http://localhost:8000/gallery.html:413
[    1537ms] [LOG] Loading 3D model... 99.9% @ http://localhost:8000/gallery.html:413
[    1537ms] [LOG] Loading 3D model... 100.0% @ http://localhost:8000/gallery.html:413
[    2050ms] [LOG] 3D model loaded successfully @ http://localhost:8000/gallery.html:400
[    2168ms] [LOG] Successfully loaded all assets for birdcage @ http://localhost:8000/gallery.html:376
