[     165ms] [WARNING] cdn.tailwindcss.com should not be used in production. To use Tailwind CSS in production, install it as a PostCSS plugin or use the Tailwind CLI: https://tailwindcss.com/docs/installation @ https://cdn.tailwindcss.com/:63
[     319ms] [LOG] Added context menu listeners to: {container: div.viewer-container, canvas: canvas.viewer-canvas} @ http://localhost:8000/gallery.html:335
[     321ms] [LOG] Loading directory: statue @ http://localhost:8000/gallery.html:393
[     321ms] [LOG] Loading assets from assets/statue/ @ http://localhost:8000/gallery.html:399
[     327ms] [LOG] Added context menu listeners to: {container: div.viewer-container, canvas: canvas.viewer-canvas} @ http://localhost:8000/gallery.html:335
[     327ms] [LOG] Loading directory: cubic_explosion @ http://localhost:8000/gallery.html:393
[     327ms] [LOG] Loading assets from assets/cubic_explosion/ @ http://localhost:8000/gallery.html:399
[     333ms] [LOG] Added context menu listeners to: {container: div.viewer-container, canvas: canvas.viewer-canvas} @ http://localhost:8000/gallery.html:335
[     333ms] [LOG] Loading directory: labubu @ http://localhost:8000/gallery.html:393
[     333ms] [LOG] Loading assets from assets/labubu/ @ http://localhost:8000/gallery.html:399
[     339ms] [LOG] Added context menu listeners to: {container: div.viewer-container, canvas: canvas.viewer-canvas} @ http://localhost:8000/gallery.html:335
[     339ms] [LOG] Loading directory: birdcage @ http://localhost:8000/gallery.html:393
[     339ms] [LOG] Loading assets from assets/birdcage/ @ http://localhost:8000/gallery.html:399
[     344ms] [LOG] Added context menu listeners to: {container: div.viewer-container, canvas: canvas.viewer-canvas} @ http://localhost:8000/gallery.html:335
[     344ms] [LOG] Loading directory: jonesy @ http://localhost:8000/gallery.html:393
[     344ms] [LOG] Loading assets from assets/jonesy/ @ http://localhost:8000/gallery.html:399
[     357ms] [ERROR] Failed to load resource: the server responded with a status of 404 (File not found) @ http://localhost:8000/assets/statue/annotations.json:0
[     358ms] [LOG] Starting to load 3D model assets... @ http://localhost:8000/gallery.html:491
[     360ms] [LOG] Starting to load 3D model assets... @ http://localhost:8000/gallery.html:491
[     360ms] [LOG] Starting to load 3D model assets... @ http://localhost:8000/gallery.html:491
[     360ms] [LOG] Starting to load 3D model assets... @ http://localhost:8000/gallery.html:491
[     360ms] [LOG] Starting to load 3D model assets... @ http://localhost:8000/gallery.html:491
[     514ms] [ERROR] Failed to load resource: the server responded with a status of 404 (File not found) @ http://localhost:8000/favicon.ico:0
[     523ms] [LOG] Material loaded successfully @ http://localhost:8000/gallery.html:497
[     524ms] [LOG] Material loaded successfully @ http://localhost:8000/gallery.html:497
[     524ms] [LOG] Material loaded successfully @ http://localhost:8000/gallery.html:497
[     524ms] [LOG] Material loaded successfully @ http://localhost:8000/gallery.html:497
[     524ms] [LOG] Material loaded successfully @ http://localhost:8000/gallery.html:497
[     532ms] [LOG] Loading 3D model... 0.4% @ http://localhost:8000/gallery.html:525
[     532ms] [LOG] Loading 3D model... 0.6% @ http://localhost:8000/gallery.html:525
[     537ms] [LOG] Loading 3D model... 5.1% @ http://localhost:8000/gallery.html:525
[     537ms] [LOG] Loading 3D model... 3.4% @ http://localhost:8000/gallery.html:525
[     538ms] [LOG] Loading 3D model... 3.4% @ http://localhost:8000/gallery.html:525
[     538ms] [LOG] Loading 3D model... 2.7% @ http://localhost:8000/gallery.html:525
[     539ms] [LOG] Loading 3D model... 3.1% @ http://localhost:8000/gallery.html:525
[     539ms] [LOG] Loading 3D model... 4.0% @ http://localhost:8000/gallery.html:525
[     539ms] [LOG] Loading 3D model... 4.5% @ http://localhost:8000/gallery.html:525
[     539ms] [LOG] Loading 3D model... 5.1% @ http://localhost:8000/gallery.html:525
[     539ms] [LOG] Loading 3D model... 3.1% @ http://localhost:8000/gallery.html:525
[     540ms] [LOG] Loading 3D model... 3.6% @ http://localhost:8000/gallery.html:525
[     540ms] [LOG] Loading 3D model... 4.2% @ http://localhost:8000/gallery.html:525
[     540ms] [LOG] Loading 3D model... 4.0% @ http://localhost:8000/gallery.html:525
[     540ms] [LOG] Loading 3D model... 5.1% @ http://localhost:8000/gallery.html:525
[     541ms] [LOG] Loading 3D model... 5.7% @ http://localhost:8000/gallery.html:525
[     541ms] [LOG] Loading 3D model... 5.9% @ http://localhost:8000/gallery.html:525
[     541ms] [LOG] Loading 3D model... 5.6% @ http://localhost:8000/gallery.html:525
[     542ms] [LOG] Loading 3D model... 6.3% @ http://localhost:8000/gallery.html:525
[     542ms] [LOG] Loading 3D model... 6.2% @ http://localhost:8000/gallery.html:525
[     542ms] [LOG] Loading 3D model... 4.5% @ http://localhost:8000/gallery.html:525
[     542ms] [LOG] Loading 3D model... 6.8% @ http://localhost:8000/gallery.html:525
[     542ms] [LOG] Loading 3D model... 7.6% @ http://localhost:8000/gallery.html:525
[     542ms] [LOG] Loading 3D model... 5.4% @ http://localhost:8000/gallery.html:525
[     542ms] [LOG] Loading 3D model... 6.8% @ http://localhost:8000/gallery.html:525
[     543ms] [LOG] Loading 3D model... 7.2% @ http://localhost:8000/gallery.html:525
[     543ms] [LOG] Loading 3D model... 8.2% @ http://localhost:8000/gallery.html:525
[     543ms] [LOG] Loading 3D model... 5.8% @ http://localhost:8000/gallery.html:525
[     543ms] [LOG] Loading 3D model... 7.8% @ http://localhost:8000/gallery.html:525
[     543ms] [LOG] Loading 3D model... 8.3% @ http://localhost:8000/gallery.html:525
[     543ms] [LOG] Loading 3D model... 7.6% @ http://localhost:8000/gallery.html:525
[     543ms] [LOG] Loading 3D model... 6.3% @ http://localhost:8000/gallery.html:525
[     544ms] [LOG] Loading 3D model... 9.5% @ http://localhost:8000/gallery.html:525
[     545ms] [LOG] Loading 3D model... 8.9% @ http://localhost:8000/gallery.html:525
[     545ms] [LOG] Loading 3D model... 9.5% @ http://localhost:8000/gallery.html:525
[     545ms] [LOG] Loading 3D model... 10.1% @ http://localhost:8000/gallery.html:525
[     545ms] [LOG] Loading 3D model... 10.8% @ http://localhost:8000/gallery.html:525
[     545ms] [LOG] Loading 3D model... 8.5% @ http://localhost:8000/gallery.html:525
[     545ms] [LOG] Loading 3D model... 6.7% @ http://localhost:8000/gallery.html:525
[     545ms] [LOG] Loading 3D model... 7.2% @ http://localhost:8000/gallery.html:525
[     546ms] [LOG] Loading 3D model... 10.0% @ http://localhost:8000/gallery.html:525
[     546ms] [LOG] Loading 3D model... 10.6% @ http://localhost:8000/gallery.html:525
[     546ms] [LOG] Loading 3D model... 7.6% @ http://localhost:8000/gallery.html:525
[     546ms] [LOG] Loading 3D model... 10.9% @ http://localhost:8000/gallery.html:525
[     546ms] [LOG] Loading 3D model... 9.3% @ http://localhost:8000/gallery.html:525
[     546ms] [LOG] Loading 3D model... 11.7% @ http://localhost:8000/gallery.html:525
[     547ms] [LOG] Loading 3D model... 8.5% @ http://localhost:8000/gallery.html:525
[     547ms] [LOG] Loading 3D model... 12.0% @ http://localhost:8000/gallery.html:525
[     547ms] [LOG] Loading 3D model... 11.0% @ http://localhost:8000/gallery.html:525
[     547ms] [LOG] Loading 3D model... 12.4% @ http://localhost:8000/gallery.html:525
[     547ms] [LOG] Loading 3D model... 9.4% @ http://localhost:8000/gallery.html:525
[     547ms] [LOG] Loading 3D model... 13.3% @ http://localhost:8000/gallery.html:525
[     548ms] [LOG] Loading 3D model... 12.7% @ http://localhost:8000/gallery.html:525
[     548ms] [LOG] Loading 3D model... 13.6% @ http://localhost:8000/gallery.html:525
[     548ms] [LOG] Loading 3D model... 13.9% @ http://localhost:8000/gallery.html:525
[     548ms] [LOG] Loading 3D model... 10.3% @ http://localhost:8000/gallery.html:525
[     548ms] [LOG] Loading 3D model... 14.1% @ http://localhost:8000/gallery.html:525
[     548ms] [LOG] Loading 3D model... 14.7% @ http://localhost:8000/gallery.html:525
[     549ms] [LOG] Loading 3D model... 14.4% @ http://localhost:8000/gallery.html:525
[     549ms] [LOG] Loading 3D model... 15.2% @ http://localhost:8000/gallery.html:525
[     549ms] [LOG] Loading 3D model... 11.2% @ http://localhost:8000/gallery.html:525
[     549ms] [LOG] Loading 3D model... 15.8% @ http://localhost:8000/gallery.html:525
[     550ms] [LOG] Loading 3D model... 17.7% @ http://localhost:8000/gallery.html:525
[     550ms] [LOG] Loading 3D model... 13.9% @ http://localhost:8000/gallery.html:525
[     551ms] [LOG] Loading 3D model... 14.4% @ http://localhost:8000/gallery.html:525
[     551ms] [LOG] Loading 3D model... 14.8% @ http://localhost:8000/gallery.html:525
[     551ms] [LOG] Loading 3D model... 18.1% @ http://localhost:8000/gallery.html:525
[     551ms] [LOG] Loading 3D model... 19.2% @ http://localhost:8000/gallery.html:525
[     551ms] [LOG] Loading 3D model... 20.3% @ http://localhost:8000/gallery.html:525
[     551ms] [LOG] Loading 3D model... 20.3% @ http://localhost:8000/gallery.html:525
[     552ms] [LOG] Loading 3D model... 18.7% @ http://localhost:8000/gallery.html:525
[     552ms] [LOG] Loading 3D model... 16.6% @ http://localhost:8000/gallery.html:525
[     552ms] [LOG] Loading 3D model... 17.1% @ http://localhost:8000/gallery.html:525
[     553ms] [LOG] Loading 3D model... 17.5% @ http://localhost:8000/gallery.html:525
[     553ms] [LOG] Loading 3D model... 21.5% @ http://localhost:8000/gallery.html:525
[     553ms] [LOG] Loading 3D model... 20.9% @ http://localhost:8000/gallery.html:525
[     553ms] [LOG] Loading 3D model... 20.4% @ http://localhost:8000/gallery.html:525
[     554ms] [LOG] Loading 3D model... 21.5% @ http://localhost:8000/gallery.html:525
[     554ms] [LOG] Loading 3D model... 22.0% @ http://localhost:8000/gallery.html:525
[     554ms] [LOG] Loading 3D model... 18.4% @ http://localhost:8000/gallery.html:525
[     554ms] [LOG] Loading 3D model... 22.0% @ http://localhost:8000/gallery.html:525
[     554ms] [LOG] Loading 3D model... 21.7% @ http://localhost:8000/gallery.html:525
[     554ms] [LOG] Loading 3D model... 22.0% @ http://localhost:8000/gallery.html:525
[     554ms] [LOG] Loading 3D model... 22.6% @ http://localhost:8000/gallery.html:525
[     555ms] [LOG] Loading 3D model... 19.3% @ http://localhost:8000/gallery.html:525
[     555ms] [LOG] Loading 3D model... 23.2% @ http://localhost:8000/gallery.html:525
[     555ms] [LOG] Loading 3D model... 22.2% @ http://localhost:8000/gallery.html:525
[     555ms] [LOG] Loading 3D model... 22.8% @ http://localhost:8000/gallery.html:525
[     555ms] [LOG] Loading 3D model... 19.8% @ http://localhost:8000/gallery.html:525
[     555ms] [LOG] Loading 3D model... 20.2% @ http://localhost:8000/gallery.html:525
[     555ms] [LOG] Loading 3D model... 23.4% @ http://localhost:8000/gallery.html:525
[     556ms] [LOG] Loading 3D model... 23.7% @ http://localhost:8000/gallery.html:525
[     556ms] [LOG] Loading 3D model... 24.1% @ http://localhost:8000/gallery.html:525
[     556ms] [LOG] Loading 3D model... 22.9% @ http://localhost:8000/gallery.html:525
[     556ms] [LOG] Loading 3D model... 20.7% @ http://localhost:8000/gallery.html:525
[     556ms] [LOG] Loading 3D model... 24.3% @ http://localhost:8000/gallery.html:525
[     556ms] [LOG] Loading 3D model... 24.8% @ http://localhost:8000/gallery.html:525
[     556ms] [LOG] Loading 3D model... 24.7% @ http://localhost:8000/gallery.html:525
[     556ms] [LOG] Loading 3D model... 21.1% @ http://localhost:8000/gallery.html:525
[     556ms] [LOG] Loading 3D model... 21.6% @ http://localhost:8000/gallery.html:525
[     556ms] [LOG] Loading 3D model... 23.7% @ http://localhost:8000/gallery.html:525
[     557ms] [LOG] Loading 3D model... 25.4% @ http://localhost:8000/gallery.html:525
[     557ms] [LOG] Loading 3D model... 26.0% @ http://localhost:8000/gallery.html:525
[     557ms] [LOG] Loading 3D model... 26.0% @ http://localhost:8000/gallery.html:525
[     558ms] [LOG] Loading 3D model... 23.8% @ http://localhost:8000/gallery.html:525
[     558ms] [LOG] Loading 3D model... 28.8% @ http://localhost:8000/gallery.html:525
[     558ms] [LOG] Loading 3D model... 29.4% @ http://localhost:8000/gallery.html:525
[     558ms] [LOG] Loading 3D model... 28.5% @ http://localhost:8000/gallery.html:525
[     559ms] [LOG] Loading 3D model... 27.1% @ http://localhost:8000/gallery.html:525
[     559ms] [LOG] Loading 3D model... 28.0% @ http://localhost:8000/gallery.html:525
[     559ms] [LOG] Loading 3D model... 31.0% @ http://localhost:8000/gallery.html:525
[     559ms] [LOG] Loading 3D model... 26.5% @ http://localhost:8000/gallery.html:525
[     560ms] [LOG] Loading 3D model... 32.3% @ http://localhost:8000/gallery.html:525
[     561ms] [LOG] Loading 3D model... 33.6% @ http://localhost:8000/gallery.html:525
[     561ms] [LOG] Loading 3D model... 32.8% @ http://localhost:8000/gallery.html:525
[     562ms] [LOG] Loading 3D model... 33.9% @ http://localhost:8000/gallery.html:525
[     562ms] [LOG] Loading 3D model... 34.2% @ http://localhost:8000/gallery.html:525
[     562ms] [LOG] Loading 3D model... 28.8% @ http://localhost:8000/gallery.html:525
[     562ms] [LOG] Loading 3D model... 29.2% @ http://localhost:8000/gallery.html:525
[     563ms] [LOG] Loading 3D model... 34.4% @ http://localhost:8000/gallery.html:525
[     563ms] [LOG] Loading 3D model... 34.8% @ http://localhost:8000/gallery.html:525
[     563ms] [LOG] Loading 3D model... 35.0% @ http://localhost:8000/gallery.html:525
[     563ms] [LOG] Loading 3D model... 37.3% @ http://localhost:8000/gallery.html:525
[     563ms] [LOG] Loading 3D model... 30.1% @ http://localhost:8000/gallery.html:525
[     564ms] [LOG] Loading 3D model... 35.6% @ http://localhost:8000/gallery.html:525
[     565ms] [LOG] Loading 3D model... 39.0% @ http://localhost:8000/gallery.html:525
[     565ms] [LOG] Loading 3D model... 30.6% @ http://localhost:8000/gallery.html:525
[     565ms] [LOG] Loading 3D model... 36.1% @ http://localhost:8000/gallery.html:525
[     565ms] [LOG] Loading 3D model... 35.5% @ http://localhost:8000/gallery.html:525
[     565ms] [LOG] Loading 3D model... 39.9% @ http://localhost:8000/gallery.html:525
[     565ms] [LOG] Loading 3D model... 40.7% @ http://localhost:8000/gallery.html:525
[     566ms] [LOG] Loading 3D model... 32.8% @ http://localhost:8000/gallery.html:525
[     566ms] [LOG] Loading 3D model... 42.4% @ http://localhost:8000/gallery.html:525
[     566ms] [LOG] Loading 3D model... 36.7% @ http://localhost:8000/gallery.html:525
[     566ms] [LOG] Loading 3D model... 36.7% @ http://localhost:8000/gallery.html:525
[     566ms] [LOG] Loading 3D model... 44.1% @ http://localhost:8000/gallery.html:525
[     566ms] [LOG] Loading 3D model... 33.3% @ http://localhost:8000/gallery.html:525
[     566ms] [LOG] Loading 3D model... 33.7% @ http://localhost:8000/gallery.html:525
[     566ms] [LOG] Loading 3D model... 37.3% @ http://localhost:8000/gallery.html:525
[     566ms] [LOG] Loading 3D model... 37.4% @ http://localhost:8000/gallery.html:525
[     567ms] [LOG] Loading 3D model... 45.8% @ http://localhost:8000/gallery.html:525
[     567ms] [LOG] Loading 3D model... 38.0% @ http://localhost:8000/gallery.html:525
[     567ms] [LOG] Loading 3D model... 34.6% @ http://localhost:8000/gallery.html:525
[     567ms] [LOG] Loading 3D model... 47.5% @ http://localhost:8000/gallery.html:525
[     567ms] [LOG] Loading 3D model... 39.3% @ http://localhost:8000/gallery.html:525
[     567ms] [LOG] Loading 3D model... 35.1% @ http://localhost:8000/gallery.html:525
[     568ms] [LOG] Loading 3D model... 37.8% @ http://localhost:8000/gallery.html:525
[     569ms] [LOG] Loading 3D model... 40.5% @ http://localhost:8000/gallery.html:525
[     569ms] [LOG] Loading 3D model... 41.8% @ http://localhost:8000/gallery.html:525
[     569ms] [LOG] Loading 3D model... 36.4% @ http://localhost:8000/gallery.html:525
[     569ms] [LOG] Loading 3D model... 50.0% @ http://localhost:8000/gallery.html:525
[     569ms] [LOG] Loading 3D model... 39.5% @ http://localhost:8000/gallery.html:525
[     570ms] [LOG] Loading 3D model... 37.3% @ http://localhost:8000/gallery.html:525
[     570ms] [LOG] Loading 3D model... 50.9% @ http://localhost:8000/gallery.html:525
[     570ms] [LOG] Loading 3D model... 37.8% @ http://localhost:8000/gallery.html:525
[     571ms] [LOG] Loading 3D model... 42.4% @ http://localhost:8000/gallery.html:525
[     571ms] [LOG] Loading 3D model... 40.1% @ http://localhost:8000/gallery.html:525
[     571ms] [LOG] Loading 3D model... 38.2% @ http://localhost:8000/gallery.html:525
[     571ms] [LOG] Loading 3D model... 0.1% @ http://localhost:8000/gallery.html:525
[     571ms] [LOG] Loading 3D model... 38.7% @ http://localhost:8000/gallery.html:525
[     571ms] [LOG] Loading 3D model... 39.1% @ http://localhost:8000/gallery.html:525
[     571ms] [LOG] Loading 3D model... 43.1% @ http://localhost:8000/gallery.html:525
[     572ms] [LOG] Loading 3D model... 51.7% @ http://localhost:8000/gallery.html:525
[     572ms] [LOG] Loading 3D model... 43.7% @ http://localhost:8000/gallery.html:525
[     572ms] [LOG] Loading 3D model... 39.6% @ http://localhost:8000/gallery.html:525
[     572ms] [LOG] Loading 3D model... 40.7% @ http://localhost:8000/gallery.html:525
[     572ms] [LOG] Loading 3D model... 40.0% @ http://localhost:8000/gallery.html:525
[     572ms] [LOG] Loading 3D model... 44.3% @ http://localhost:8000/gallery.html:525
[     572ms] [LOG] Loading 3D model... 52.8% @ http://localhost:8000/gallery.html:525
[     572ms] [LOG] Loading 3D model... 41.2% @ http://localhost:8000/gallery.html:525
[     573ms] [LOG] Loading 3D model... 41.8% @ http://localhost:8000/gallery.html:525
[     573ms] [LOG] Loading 3D model... 40.5% @ http://localhost:8000/gallery.html:525
[     573ms] [LOG] Loading 3D model... 40.9% @ http://localhost:8000/gallery.html:525
[     573ms] [LOG] Loading 3D model... 45.6% @ http://localhost:8000/gallery.html:525
[     573ms] [LOG] Loading 3D model... 54.3% @ http://localhost:8000/gallery.html:525
[     573ms] [LOG] Loading 3D model... 42.9% @ http://localhost:8000/gallery.html:525
[     573ms] [LOG] Loading 3D model... 46.9% @ http://localhost:8000/gallery.html:525
[     574ms] [LOG] Loading 3D model... 41.8% @ http://localhost:8000/gallery.html:525
[     574ms] [LOG] Loading 3D model... 55.1% @ http://localhost:8000/gallery.html:525
[     574ms] [LOG] Loading 3D model... 44.0% @ http://localhost:8000/gallery.html:525
[     574ms] [LOG] Loading 3D model... 48.1% @ http://localhost:8000/gallery.html:525
[     574ms] [LOG] Loading 3D model... 0.2% @ http://localhost:8000/gallery.html:525
[     574ms] [LOG] Loading 3D model... 45.2% @ http://localhost:8000/gallery.html:525
[     574ms] [LOG] Loading 3D model... 48.8% @ http://localhost:8000/gallery.html:525
[     574ms] [LOG] Loading 3D model... 0.2% @ http://localhost:8000/gallery.html:525
[     575ms] [LOG] Loading 3D model... 46.3% @ http://localhost:8000/gallery.html:525
[     575ms] [LOG] Loading 3D model... 0.3% @ http://localhost:8000/gallery.html:525
[     575ms] [LOG] Loading 3D model... 47.4% @ http://localhost:8000/gallery.html:525
[     575ms] [LOG] Loading 3D model... 56.0% @ http://localhost:8000/gallery.html:525
[     575ms] [LOG] Loading 3D model... 42.3% @ http://localhost:8000/gallery.html:525
[     575ms] [LOG] Loading 3D model... 49.4% @ http://localhost:8000/gallery.html:525
[     575ms] [LOG] Loading 3D model... 56.2% @ http://localhost:8000/gallery.html:525
[     575ms] [LOG] Loading 3D model... 57.0% @ http://localhost:8000/gallery.html:525
[     575ms] [LOG] Loading 3D model... 0.5% @ http://localhost:8000/gallery.html:525
[     576ms] [LOG] Loading 3D model... 42.7% @ http://localhost:8000/gallery.html:525
[     576ms] [LOG] Loading 3D model... 48.0% @ http://localhost:8000/gallery.html:525
[     576ms] [LOG] Loading 3D model... 43.2% @ http://localhost:8000/gallery.html:525
[     576ms] [LOG] Loading 3D model... 50.7% @ http://localhost:8000/gallery.html:525
[     577ms] [LOG] Loading 3D model... 60.2% @ http://localhost:8000/gallery.html:525
[     577ms] [LOG] Loading 3D model... 44.5% @ http://localhost:8000/gallery.html:525
[     577ms] [LOG] Loading 3D model... 53.2% @ http://localhost:8000/gallery.html:525
[     577ms] [LOG] Loading 3D model... 0.9% @ http://localhost:8000/gallery.html:525
[     577ms] [LOG] Loading 3D model... 50.8% @ http://localhost:8000/gallery.html:525
[     578ms] [LOG] Loading 3D model... 54.5% @ http://localhost:8000/gallery.html:525
[     578ms] [LOG] Loading 3D model... 63.6% @ http://localhost:8000/gallery.html:525
[     578ms] [LOG] Loading 3D model... 64.4% @ http://localhost:8000/gallery.html:525
[     578ms] [LOG] Loading 3D model... 45.4% @ http://localhost:8000/gallery.html:525
[     578ms] [LOG] Loading 3D model... 1.0% @ http://localhost:8000/gallery.html:525
[     578ms] [LOG] Loading 3D model... 51.9% @ http://localhost:8000/gallery.html:525
[     578ms] [LOG] Loading 3D model... 55.7% @ http://localhost:8000/gallery.html:525
[     579ms] [LOG] Loading 3D model... 46.3% @ http://localhost:8000/gallery.html:525
[     579ms] [LOG] Loading 3D model... 1.1% @ http://localhost:8000/gallery.html:525
[     580ms] [LOG] Loading 3D model... 66.1% @ http://localhost:8000/gallery.html:525
[     580ms] [LOG] Loading 3D model... 53.1% @ http://localhost:8000/gallery.html:525
[     580ms] [LOG] Loading 3D model... 56.4% @ http://localhost:8000/gallery.html:525
[     580ms] [LOG] Loading 3D model... 67.0% @ http://localhost:8000/gallery.html:525
[     580ms] [LOG] Loading 3D model... 67.8% @ http://localhost:8000/gallery.html:525
[     581ms] [LOG] Loading 3D model... 53.6% @ http://localhost:8000/gallery.html:525
[     581ms] [LOG] Loading 3D model... 54.2% @ http://localhost:8000/gallery.html:525
[     581ms] [LOG] Loading 3D model... 69.5% @ http://localhost:8000/gallery.html:525
[     581ms] [LOG] Loading 3D model... 1.2% @ http://localhost:8000/gallery.html:525
[     582ms] [LOG] Loading 3D model... 1.5% @ http://localhost:8000/gallery.html:525
[     582ms] [LOG] Loading 3D model... 47.7% @ http://localhost:8000/gallery.html:525
[     582ms] [LOG] Loading 3D model... 57.6% @ http://localhost:8000/gallery.html:525
[     582ms] [LOG] Loading 3D model... 56.5% @ http://localhost:8000/gallery.html:525
[     582ms] [LOG] Loading 3D model... 72.9% @ http://localhost:8000/gallery.html:525
[     582ms] [LOG] Loading 3D model... 73.8% @ http://localhost:8000/gallery.html:525
[     582ms] [LOG] Loading 3D model... 74.6% @ http://localhost:8000/gallery.html:525
[     582ms] [LOG] Loading 3D model... 49.5% @ http://localhost:8000/gallery.html:525
[     582ms] [LOG] Loading 3D model... 58.9% @ http://localhost:8000/gallery.html:525
[     583ms] [LOG] Loading 3D model... 59.5% @ http://localhost:8000/gallery.html:525
[     583ms] [LOG] Loading 3D model... 1.8% @ http://localhost:8000/gallery.html:525
[     583ms] [LOG] Loading 3D model... 1.9% @ http://localhost:8000/gallery.html:525
[     583ms] [LOG] Loading 3D model... 58.7% @ http://localhost:8000/gallery.html:525
[     583ms] [LOG] Loading 3D model... 59.9% @ http://localhost:8000/gallery.html:525
[     584ms] [LOG] Loading 3D model... 78.0% @ http://localhost:8000/gallery.html:525
[     584ms] [LOG] Loading 3D model... 79.7% @ http://localhost:8000/gallery.html:525
[     584ms] [LOG] Loading 3D model... 60.8% @ http://localhost:8000/gallery.html:525
[     584ms] [LOG] Loading 3D model... 62.1% @ http://localhost:8000/gallery.html:525
[     585ms] [LOG] Loading 3D model... 62.7% @ http://localhost:8000/gallery.html:525
[     585ms] [LOG] Loading 3D model... 81.4% @ http://localhost:8000/gallery.html:525
[     587ms] [LOG] Loading 3D model... 53.2% @ http://localhost:8000/gallery.html:525
[     590ms] [LOG] Loading 3D model... 70.3% @ http://localhost:8000/gallery.html:525
[     590ms] [LOG] Loading 3D model... 71.0% @ http://localhost:8000/gallery.html:525
[     591ms] [LOG] Loading 3D model... 3.4% @ http://localhost:8000/gallery.html:525
[     592ms] [LOG] Loading 3D model... 72.3% @ http://localhost:8000/gallery.html:525
[     596ms] [LOG] Loading 3D model... 100.0% @ http://localhost:8000/gallery.html:525
[     605ms] [LOG] Loading 3D model... 81.1% @ http://localhost:8000/gallery.html:525
[     606ms] [LOG] Loading 3D model... 91.9% @ http://localhost:8000/gallery.html:525
[     606ms] [LOG] Loading 3D model... 93.1% @ http://localhost:8000/gallery.html:525
[     606ms] [LOG] Loading 3D model... 96.9% @ http://localhost:8000/gallery.html:525
[     607ms] [LOG] Loading 3D model... 57.6% @ http://localhost:8000/gallery.html:525
[     608ms] [LOG] Loading 3D model... 68.0% @ http://localhost:8000/gallery.html:525
[     609ms] [LOG] Loading 3D model... 70.3% @ http://localhost:8000/gallery.html:525
[     609ms] [LOG] Loading 3D model... 70.7% @ http://localhost:8000/gallery.html:525
[     616ms] [LOG] Loading 3D model... 100.0% @ http://localhost:8000/gallery.html:525
[     619ms] [LOG] Loading 3D model... 3.6% @ http://localhost:8000/gallery.html:525
[     620ms] [LOG] Loading 3D model... 7.0% @ http://localhost:8000/gallery.html:525
[     620ms] [LOG] Loading 3D model... 7.3% @ http://localhost:8000/gallery.html:525
[     621ms] [LOG] Loading 3D model... 8.7% @ http://localhost:8000/gallery.html:525
[     622ms] [LOG] Loading 3D model... 90.3% @ http://localhost:8000/gallery.html:525
[     622ms] [LOG] Loading 3D model... 93.2% @ http://localhost:8000/gallery.html:525
[     701ms] [LOG] 3D model loaded successfully @ http://localhost:8000/gallery.html:505
[     718ms] [LOG] Successfully loaded all assets for labubu @ http://localhost:8000/gallery.html:475
[     797ms] [LOG] Loading 3D model... 72.0% @ http://localhost:8000/gallery.html:525
[     797ms] [LOG] Loading 3D model... 85.1% @ http://localhost:8000/gallery.html:525
[     797ms] [LOG] Loading 3D model... 85.6% @ http://localhost:8000/gallery.html:525
[     798ms] [LOG] Loading 3D model... 86.4% @ http://localhost:8000/gallery.html:525
[     798ms] [LOG] Loading 3D model... 87.3% @ http://localhost:8000/gallery.html:525
[     798ms] [LOG] Loading 3D model... 88.2% @ http://localhost:8000/gallery.html:525
[     892ms] [LOG] 3D model loaded successfully @ http://localhost:8000/gallery.html:505
[     911ms] [LOG] Successfully loaded all assets for cubic_explosion @ http://localhost:8000/gallery.html:475
[    1286ms] [LOG] Loading 3D model... 10.9% @ http://localhost:8000/gallery.html:525
[    1286ms] [LOG] Loading 3D model... 12.5% @ http://localhost:8000/gallery.html:525
[    1286ms] [LOG] Loading 3D model... 12.7% @ http://localhost:8000/gallery.html:525
[    1286ms] [LOG] Loading 3D model... 12.8% @ http://localhost:8000/gallery.html:525
[    1286ms] [LOG] Loading 3D model... 12.9% @ http://localhost:8000/gallery.html:525
[    1293ms] [LOG] Loading 3D model... 100.0% @ http://localhost:8000/gallery.html:525
[    1302ms] [LOG] Loading 3D model... 100.0% @ http://localhost:8000/gallery.html:525
[    1306ms] [LOG] Loading 3D model... 14.5% @ http://localhost:8000/gallery.html:525
[    1308ms] [LOG] Loading 3D model... 16.6% @ http://localhost:8000/gallery.html:525
[    1309ms] [LOG] Loading 3D model... 16.7% @ http://localhost:8000/gallery.html:525
[    1309ms] [LOG] Loading 3D model... 18.1% @ http://localhost:8000/gallery.html:525
[    1309ms] [LOG] Loading 3D model... 18.5% @ http://localhost:8000/gallery.html:525
[    1416ms] [LOG] 3D model loaded successfully @ http://localhost:8000/gallery.html:505
[    1438ms] [LOG] Successfully loaded all assets for statue @ http://localhost:8000/gallery.html:475
[    1793ms] [LOG] 3D model loaded successfully @ http://localhost:8000/gallery.html:505
[    1817ms] [LOG] Successfully loaded all assets for jonesy @ http://localhost:8000/gallery.html:475
[    2032ms] [LOG] Loading 3D model... 21.8% @ http://localhost:8000/gallery.html:525
[    2032ms] [LOG] Loading 3D model... 22.2% @ http://localhost:8000/gallery.html:525
[    2033ms] [LOG] Loading 3D model... 22.5% @ http://localhost:8000/gallery.html:525
[    2033ms] [LOG] Loading 3D model... 22.6% @ http://localhost:8000/gallery.html:525
[    2033ms] [LOG] Loading 3D model... 22.7% @ http://localhost:8000/gallery.html:525
[    2040ms] [LOG] Loading 3D model... 25.4% @ http://localhost:8000/gallery.html:525
[    2040ms] [LOG] Loading 3D model... 26.4% @ http://localhost:8000/gallery.html:525
[    2040ms] [LOG] Loading 3D model... 26.7% @ http://localhost:8000/gallery.html:525
[    2041ms] [LOG] Loading 3D model... 27.3% @ http://localhost:8000/gallery.html:525
[    2041ms] [LOG] Loading 3D model... 27.4% @ http://localhost:8000/gallery.html:525
[    2041ms] [LOG] Loading 3D model... 27.6% @ http://localhost:8000/gallery.html:525
[    2041ms] [LOG] Loading 3D model... 27.7% @ http://localhost:8000/gallery.html:525
[    2042ms] [LOG] Loading 3D model... 27.8% @ http://localhost:8000/gallery.html:525
[    2042ms] [LOG] Loading 3D model... 27.9% @ http://localhost:8000/gallery.html:525
[    2042ms] [LOG] Loading 3D model... 28.0% @ http://localhost:8000/gallery.html:525
[    2042ms] [LOG] Loading 3D model... 28.1% @ http://localhost:8000/gallery.html:525
[    2042ms] [LOG] Loading 3D model... 28.2% @ http://localhost:8000/gallery.html:525
[    2042ms] [LOG] Loading 3D model... 28.4% @ http://localhost:8000/gallery.html:525
[    2043ms] [LOG] Loading 3D model... 28.5% @ http://localhost:8000/gallery.html:525
[    2043ms] [LOG] Loading 3D model... 28.6% @ http://localhost:8000/gallery.html:525
[    2043ms] [LOG] Loading 3D model... 28.7% @ http://localhost:8000/gallery.html:525
[    2043ms] [LOG] Loading 3D model... 28.8% @ http://localhost:8000/gallery.html:525
[    2043ms] [LOG] Loading 3D model... 28.9% @ http://localhost:8000/gallery.html:525
[    2044ms] [LOG] Loading 3D model... 29.0% @ http://localhost:8000/gallery.html:525
[    2047ms] [LOG] Loading 3D model... 29.4% @ http://localhost:8000/gallery.html:525
[    2047ms] [LOG] Loading 3D model... 29.8% @ http://localhost:8000/gallery.html:525
[    2048ms] [LOG] Loading 3D model... 29.9% @ http://localhost:8000/gallery.html:525
[    2048ms] [LOG] Loading 3D model... 30.1% @ http://localhost:8000/gallery.html:525
[    2048ms] [LOG] Loading 3D model... 30.2% @ http://localhost:8000/gallery.html:525
[    2048ms] [LOG] Loading 3D model... 30.3% @ http://localhost:8000/gallery.html:525
[    2048ms] [LOG] Loading 3D model... 30.4% @ http://localhost:8000/gallery.html:525
[    2049ms] [LOG] Loading 3D model... 30.5% @ http://localhost:8000/gallery.html:525
[    2049ms] [LOG] Loading 3D model... 30.6% @ http://localhost:8000/gallery.html:525
[    2049ms] [LOG] Loading 3D model... 30.7% @ http://localhost:8000/gallery.html:525
[    2049ms] [LOG] Loading 3D model... 30.8% @ http://localhost:8000/gallery.html:525
[    2049ms] [LOG] Loading 3D model... 31.0% @ http://localhost:8000/gallery.html:525
[    2049ms] [LOG] Loading 3D model... 31.1% @ http://localhost:8000/gallery.html:525
[    2049ms] [LOG] Loading 3D model... 31.2% @ http://localhost:8000/gallery.html:525
[    2049ms] [LOG] Loading 3D model... 31.3% @ http://localhost:8000/gallery.html:525
[    2049ms] [LOG] Loading 3D model... 31.4% @ http://localhost:8000/gallery.html:525
[    2050ms] [LOG] Loading 3D model... 31.5% @ http://localhost:8000/gallery.html:525
[    2050ms] [LOG] Loading 3D model... 31.6% @ http://localhost:8000/gallery.html:525
[    2050ms] [LOG] Loading 3D model... 31.8% @ http://localhost:8000/gallery.html:525
[    2050ms] [LOG] Loading 3D model... 31.9% @ http://localhost:8000/gallery.html:525
[    2050ms] [LOG] Loading 3D model... 32.0% @ http://localhost:8000/gallery.html:525
[    2050ms] [LOG] Loading 3D model... 32.1% @ http://localhost:8000/gallery.html:525
[    2050ms] [LOG] Loading 3D model... 32.2% @ http://localhost:8000/gallery.html:525
[    2050ms] [LOG] Loading 3D model... 32.3% @ http://localhost:8000/gallery.html:525
[    2050ms] [LOG] Loading 3D model... 32.4% @ http://localhost:8000/gallery.html:525
[    2051ms] [LOG] Loading 3D model... 32.5% @ http://localhost:8000/gallery.html:525
[    2051ms] [LOG] Loading 3D model... 32.7% @ http://localhost:8000/gallery.html:525
[    2051ms] [LOG] Loading 3D model... 32.8% @ http://localhost:8000/gallery.html:525
[    2051ms] [LOG] Loading 3D model... 32.9% @ http://localhost:8000/gallery.html:525
[    2051ms] [LOG] Loading 3D model... 33.0% @ http://localhost:8000/gallery.html:525
[    2051ms] [LOG] Loading 3D model... 33.1% @ http://localhost:8000/gallery.html:525
[    2051ms] [LOG] Loading 3D model... 33.2% @ http://localhost:8000/gallery.html:525
[    2052ms] [LOG] Loading 3D model... 33.3% @ http://localhost:8000/gallery.html:525
[    2052ms] [LOG] Loading 3D model... 33.5% @ http://localhost:8000/gallery.html:525
[    2053ms] [LOG] Loading 3D model... 33.6% @ http://localhost:8000/gallery.html:525
[    2053ms] [LOG] Loading 3D model... 33.7% @ http://localhost:8000/gallery.html:525
[    2053ms] [LOG] Loading 3D model... 33.8% @ http://localhost:8000/gallery.html:525
[    2053ms] [LOG] Loading 3D model... 33.9% @ http://localhost:8000/gallery.html:525
[    2054ms] [LOG] Loading 3D model... 34.0% @ http://localhost:8000/gallery.html:525
[    2054ms] [LOG] Loading 3D model... 34.1% @ http://localhost:8000/gallery.html:525
[    2054ms] [LOG] Loading 3D model... 34.3% @ http://localhost:8000/gallery.html:525
[    2054ms] [LOG] Loading 3D model... 34.4% @ http://localhost:8000/gallery.html:525
[    2054ms] [LOG] Loading 3D model... 34.5% @ http://localhost:8000/gallery.html:525
[    2054ms] [LOG] Loading 3D model... 34.6% @ http://localhost:8000/gallery.html:525
[    2055ms] [LOG] Loading 3D model... 34.7% @ http://localhost:8000/gallery.html:525
[    2055ms] [LOG] Loading 3D model... 35.3% @ http://localhost:8000/gallery.html:525
[    2055ms] [LOG] Loading 3D model... 35.5% @ http://localhost:8000/gallery.html:525
[    2055ms] [LOG] Loading 3D model... 35.7% @ http://localhost:8000/gallery.html:525
[    2055ms] [LOG] Loading 3D model... 36.0% @ http://localhost:8000/gallery.html:525
[    2056ms] [LOG] Loading 3D model... 36.1% @ http://localhost:8000/gallery.html:525
[    2056ms] [LOG] Loading 3D model... 36.2% @ http://localhost:8000/gallery.html:525
[    2056ms] [LOG] Loading 3D model... 36.3% @ http://localhost:8000/gallery.html:525
[    2056ms] [LOG] Loading 3D model... 36.4% @ http://localhost:8000/gallery.html:525
[    2056ms] [LOG] Loading 3D model... 36.5% @ http://localhost:8000/gallery.html:525
[    2056ms] [LOG] Loading 3D model... 36.6% @ http://localhost:8000/gallery.html:525
[    2056ms] [LOG] Loading 3D model... 36.7% @ http://localhost:8000/gallery.html:525
[    2056ms] [LOG] Loading 3D model... 36.9% @ http://localhost:8000/gallery.html:525
[    2056ms] [LOG] Loading 3D model... 37.0% @ http://localhost:8000/gallery.html:525
[    2056ms] [LOG] Loading 3D model... 37.1% @ http://localhost:8000/gallery.html:525
[    2059ms] [LOG] Loading 3D model... 37.2% @ http://localhost:8000/gallery.html:525
[    2059ms] [LOG] Loading 3D model... 37.3% @ http://localhost:8000/gallery.html:525
[    2059ms] [LOG] Loading 3D model... 37.4% @ http://localhost:8000/gallery.html:525
[    2059ms] [LOG] Loading 3D model... 37.5% @ http://localhost:8000/gallery.html:525
[    2059ms] [LOG] Loading 3D model... 37.7% @ http://localhost:8000/gallery.html:525
[    2059ms] [LOG] Loading 3D model... 37.8% @ http://localhost:8000/gallery.html:525
[    2059ms] [LOG] Loading 3D model... 37.9% @ http://localhost:8000/gallery.html:525
[    2060ms] [LOG] Loading 3D model... 38.0% @ http://localhost:8000/gallery.html:525
[    2060ms] [LOG] Loading 3D model... 38.1% @ http://localhost:8000/gallery.html:525
[    2060ms] [LOG] Loading 3D model... 38.2% @ http://localhost:8000/gallery.html:525
[    2060ms] [LOG] Loading 3D model... 38.3% @ http://localhost:8000/gallery.html:525
[    2060ms] [LOG] Loading 3D model... 38.4% @ http://localhost:8000/gallery.html:525
[    2060ms] [LOG] Loading 3D model... 38.6% @ http://localhost:8000/gallery.html:525
[    2060ms] [LOG] Loading 3D model... 38.7% @ http://localhost:8000/gallery.html:525
[    2061ms] [LOG] Loading 3D model... 38.8% @ http://localhost:8000/gallery.html:525
[    2061ms] [LOG] Loading 3D model... 38.9% @ http://localhost:8000/gallery.html:525
[    2061ms] [LOG] Loading 3D model... 39.0% @ http://localhost:8000/gallery.html:525
[    2061ms] [LOG] Loading 3D model... 39.1% @ http://localhost:8000/gallery.html:525
[    2062ms] [LOG] Loading 3D model... 39.2% @ http://localhost:8000/gallery.html:525
[    2062ms] [LOG] Loading 3D model... 39.4% @ http://localhost:8000/gallery.html:525
[    2062ms] [LOG] Loading 3D model... 39.5% @ http://localhost:8000/gallery.html:525
[    2062ms] [LOG] Loading 3D model... 39.6% @ http://localhost:8000/gallery.html:525
[    2063ms] [LOG] Loading 3D model... 39.7% @ http://localhost:8000/gallery.html:525
[    2063ms] [LOG] Loading 3D model... 39.8% @ http://localhost:8000/gallery.html:525
[    2063ms] [LOG] Loading 3D model... 39.9% @ http://localhost:8000/gallery.html:525
[    2063ms] [LOG] Loading 3D model... 40.0% @ http://localhost:8000/gallery.html:525
[    2065ms] [LOG] Loading 3D model... 40.1% @ http://localhost:8000/gallery.html:525
[    2065ms] [LOG] Loading 3D model... 40.3% @ http://localhost:8000/gallery.html:525
[    2065ms] [LOG] Loading 3D model... 40.4% @ http://localhost:8000/gallery.html:525
[    2065ms] [LOG] Loading 3D model... 40.5% @ http://localhost:8000/gallery.html:525
[    2066ms] [LOG] Loading 3D model... 40.6% @ http://localhost:8000/gallery.html:525
[    2066ms] [LOG] Loading 3D model... 40.7% @ http://localhost:8000/gallery.html:525
[    2066ms] [LOG] Loading 3D model... 40.8% @ http://localhost:8000/gallery.html:525
[    2066ms] [LOG] Loading 3D model... 40.9% @ http://localhost:8000/gallery.html:525
[    2066ms] [LOG] Loading 3D model... 41.1% @ http://localhost:8000/gallery.html:525
[    2066ms] [LOG] Loading 3D model... 41.2% @ http://localhost:8000/gallery.html:525
[    2066ms] [LOG] Loading 3D model... 41.3% @ http://localhost:8000/gallery.html:525
[    2066ms] [LOG] Loading 3D model... 41.4% @ http://localhost:8000/gallery.html:525
[    2067ms] [LOG] Loading 3D model... 41.5% @ http://localhost:8000/gallery.html:525
[    2067ms] [LOG] Loading 3D model... 41.6% @ http://localhost:8000/gallery.html:525
[    2067ms] [LOG] Loading 3D model... 41.7% @ http://localhost:8000/gallery.html:525
[    2067ms] [LOG] Loading 3D model... 41.8% @ http://localhost:8000/gallery.html:525
[    2067ms] [LOG] Loading 3D model... 42.0% @ http://localhost:8000/gallery.html:525
[    2067ms] [LOG] Loading 3D model... 42.1% @ http://localhost:8000/gallery.html:525
[    2067ms] [LOG] Loading 3D model... 42.2% @ http://localhost:8000/gallery.html:525
[    2067ms] [LOG] Loading 3D model... 42.3% @ http://localhost:8000/gallery.html:525
[    2067ms] [LOG] Loading 3D model... 42.4% @ http://localhost:8000/gallery.html:525
[    2067ms] [LOG] Loading 3D model... 42.5% @ http://localhost:8000/gallery.html:525
[    2068ms] [LOG] Loading 3D model... 42.6% @ http://localhost:8000/gallery.html:525
[    2068ms] [LOG] Loading 3D model... 42.8% @ http://localhost:8000/gallery.html:525
[    2068ms] [LOG] Loading 3D model... 42.9% @ http://localhost:8000/gallery.html:525
[    2068ms] [LOG] Loading 3D model... 43.0% @ http://localhost:8000/gallery.html:525
[    2070ms] [LOG] Loading 3D model... 43.1% @ http://localhost:8000/gallery.html:525
[    2071ms] [LOG] Loading 3D model... 43.2% @ http://localhost:8000/gallery.html:525
[    2071ms] [LOG] Loading 3D model... 43.3% @ http://localhost:8000/gallery.html:525
[    2071ms] [LOG] Loading 3D model... 43.4% @ http://localhost:8000/gallery.html:525
[    2072ms] [LOG] Loading 3D model... 43.6% @ http://localhost:8000/gallery.html:525
[    2072ms] [LOG] Loading 3D model... 43.7% @ http://localhost:8000/gallery.html:525
[    2072ms] [LOG] Loading 3D model... 43.8% @ http://localhost:8000/gallery.html:525
[    2072ms] [LOG] Loading 3D model... 43.9% @ http://localhost:8000/gallery.html:525
[    2072ms] [LOG] Loading 3D model... 44.0% @ http://localhost:8000/gallery.html:525
[    2072ms] [LOG] Loading 3D model... 44.1% @ http://localhost:8000/gallery.html:525
[    2072ms] [LOG] Loading 3D model... 44.2% @ http://localhost:8000/gallery.html:525
[    2072ms] [LOG] Loading 3D model... 44.3% @ http://localhost:8000/gallery.html:525
[    2073ms] [LOG] Loading 3D model... 44.5% @ http://localhost:8000/gallery.html:525
[    2073ms] [LOG] Loading 3D model... 44.6% @ http://localhost:8000/gallery.html:525
[    2073ms] [LOG] Loading 3D model... 44.7% @ http://localhost:8000/gallery.html:525
[    2073ms] [LOG] Loading 3D model... 44.8% @ http://localhost:8000/gallery.html:525
[    2073ms] [LOG] Loading 3D model... 44.9% @ http://localhost:8000/gallery.html:525
[    2073ms] [LOG] Loading 3D model... 45.0% @ http://localhost:8000/gallery.html:525
[    2073ms] [LOG] Loading 3D model... 45.1% @ http://localhost:8000/gallery.html:525
[    2073ms] [LOG] Loading 3D model... 45.3% @ http://localhost:8000/gallery.html:525
[    2073ms] [LOG] Loading 3D model... 45.4% @ http://localhost:8000/gallery.html:525
[    2073ms] [LOG] Loading 3D model... 45.5% @ http://localhost:8000/gallery.html:525
[    2074ms] [LOG] Loading 3D model... 45.6% @ http://localhost:8000/gallery.html:525
[    2074ms] [LOG] Loading 3D model... 45.7% @ http://localhost:8000/gallery.html:525
[    2074ms] [LOG] Loading 3D model... 45.8% @ http://localhost:8000/gallery.html:525
[    2074ms] [LOG] Loading 3D model... 45.9% @ http://localhost:8000/gallery.html:525
[    2074ms] [LOG] Loading 3D model... 46.0% @ http://localhost:8000/gallery.html:525
[    2074ms] [LOG] Loading 3D model... 46.2% @ http://localhost:8000/gallery.html:525
[    2074ms] [LOG] Loading 3D model... 46.3% @ http://localhost:8000/gallery.html:525
[    2074ms] [LOG] Loading 3D model... 46.4% @ http://localhost:8000/gallery.html:525
[    2075ms] [LOG] Loading 3D model... 46.5% @ http://localhost:8000/gallery.html:525
[    2075ms] [LOG] Loading 3D model... 46.6% @ http://localhost:8000/gallery.html:525
[    2075ms] [LOG] Loading 3D model... 46.7% @ http://localhost:8000/gallery.html:525
[    2075ms] [LOG] Loading 3D model... 46.8% @ http://localhost:8000/gallery.html:525
[    2075ms] [LOG] Loading 3D model... 47.0% @ http://localhost:8000/gallery.html:525
[    2075ms] [LOG] Loading 3D model... 47.1% @ http://localhost:8000/gallery.html:525
[    2075ms] [LOG] Loading 3D model... 47.2% @ http://localhost:8000/gallery.html:525
[    2075ms] [LOG] Loading 3D model... 47.3% @ http://localhost:8000/gallery.html:525
[    2075ms] [LOG] Loading 3D model... 47.4% @ http://localhost:8000/gallery.html:525
[    2076ms] [LOG] Loading 3D model... 47.5% @ http://localhost:8000/gallery.html:525
[    2076ms] [LOG] Loading 3D model... 47.6% @ http://localhost:8000/gallery.html:525
[    2076ms] [LOG] Loading 3D model... 47.7% @ http://localhost:8000/gallery.html:525
[    2076ms] [LOG] Loading 3D model... 47.9% @ http://localhost:8000/gallery.html:525
[    2076ms] [LOG] Loading 3D model... 48.0% @ http://localhost:8000/gallery.html:525
[    2076ms] [LOG] Loading 3D model... 48.1% @ http://localhost:8000/gallery.html:525
[    2076ms] [LOG] Loading 3D model... 48.2% @ http://localhost:8000/gallery.html:525
[    2078ms] [LOG] Loading 3D model... 48.4% @ http://localhost:8000/gallery.html:525
[    2078ms] [LOG] Loading 3D model... 48.5% @ http://localhost:8000/gallery.html:525
[    2078ms] [LOG] Loading 3D model... 48.7% @ http://localhost:8000/gallery.html:525
[    2078ms] [LOG] Loading 3D model... 48.8% @ http://localhost:8000/gallery.html:525
[    2078ms] [LOG] Loading 3D model... 48.9% @ http://localhost:8000/gallery.html:525
[    2079ms] [LOG] Loading 3D model... 49.0% @ http://localhost:8000/gallery.html:525
[    2079ms] [LOG] Loading 3D model... 49.1% @ http://localhost:8000/gallery.html:525
[    2079ms] [LOG] Loading 3D model... 49.2% @ http://localhost:8000/gallery.html:525
[    2079ms] [LOG] Loading 3D model... 49.3% @ http://localhost:8000/gallery.html:525
[    2079ms] [LOG] Loading 3D model... 49.4% @ http://localhost:8000/gallery.html:525
[    2079ms] [LOG] Loading 3D model... 49.6% @ http://localhost:8000/gallery.html:525
[    2080ms] [LOG] Loading 3D model... 49.7% @ http://localhost:8000/gallery.html:525
[    2080ms] [LOG] Loading 3D model... 49.8% @ http://localhost:8000/gallery.html:525
[    2080ms] [LOG] Loading 3D model... 49.9% @ http://localhost:8000/gallery.html:525
[    2080ms] [LOG] Loading 3D model... 50.0% @ http://localhost:8000/gallery.html:525
[    2080ms] [LOG] Loading 3D model... 50.1% @ http://localhost:8000/gallery.html:525
[    2080ms] [LOG] Loading 3D model... 50.2% @ http://localhost:8000/gallery.html:525
[    2080ms] [LOG] Loading 3D model... 50.4% @ http://localhost:8000/gallery.html:525
[    2080ms] [LOG] Loading 3D model... 50.5% @ http://localhost:8000/gallery.html:525
[    2080ms] [LOG] Loading 3D model... 50.6% @ http://localhost:8000/gallery.html:525
[    2080ms] [LOG] Loading 3D model... 50.7% @ http://localhost:8000/gallery.html:525
[    2081ms] [LOG] Loading 3D model... 50.8% @ http://localhost:8000/gallery.html:525
[    2081ms] [LOG] Loading 3D model... 50.9% @ http://localhost:8000/gallery.html:525
[    2081ms] [LOG] Loading 3D model... 51.0% @ http://localhost:8000/gallery.html:525
[    2081ms] [LOG] Loading 3D model... 51.1% @ http://localhost:8000/gallery.html:525
[    2081ms] [LOG] Loading 3D model... 51.3% @ http://localhost:8000/gallery.html:525
[    2081ms] [LOG] Loading 3D model... 51.4% @ http://localhost:8000/gallery.html:525
[    2081ms] [LOG] Loading 3D model... 51.5% @ http://localhost:8000/gallery.html:525
[    2081ms] [LOG] Loading 3D model... 51.6% @ http://localhost:8000/gallery.html:525
[    2081ms] [LOG] Loading 3D model... 51.7% @ http://localhost:8000/gallery.html:525
[    2081ms] [LOG] Loading 3D model... 51.8% @ http://localhost:8000/gallery.html:525
[    2082ms] [LOG] Loading 3D model... 51.9% @ http://localhost:8000/gallery.html:525
[    2082ms] [LOG] Loading 3D model... 52.1% @ http://localhost:8000/gallery.html:525
[    2082ms] [LOG] Loading 3D model... 52.2% @ http://localhost:8000/gallery.html:525
[    2082ms] [LOG] Loading 3D model... 52.3% @ http://localhost:8000/gallery.html:525
[    2082ms] [LOG] Loading 3D model... 52.4% @ http://localhost:8000/gallery.html:525
[    2082ms] [LOG] Loading 3D model... 52.5% @ http://localhost:8000/gallery.html:525
[    2082ms] [LOG] Loading 3D model... 52.6% @ http://localhost:8000/gallery.html:525
[    2082ms] [LOG] Loading 3D model... 52.7% @ http://localhost:8000/gallery.html:525
[    2082ms] [LOG] Loading 3D model... 52.9% @ http://localhost:8000/gallery.html:525
[    2083ms] [LOG] Loading 3D model... 53.0% @ http://localhost:8000/gallery.html:525
[    2087ms] [LOG] Loading 3D model... 53.1% @ http://localhost:8000/gallery.html:525
[    2087ms] [LOG] Loading 3D model... 53.2% @ http://localhost:8000/gallery.html:525
[    2087ms] [LOG] Loading 3D model... 53.3% @ http://localhost:8000/gallery.html:525
[    2087ms] [LOG] Loading 3D model... 53.4% @ http://localhost:8000/gallery.html:525
[    2087ms] [LOG] Loading 3D model... 53.5% @ http://localhost:8000/gallery.html:525
[    2087ms] [LOG] Loading 3D model... 53.6% @ http://localhost:8000/gallery.html:525
[    2088ms] [LOG] Loading 3D model... 53.8% @ http://localhost:8000/gallery.html:525
[    2088ms] [LOG] Loading 3D model... 53.9% @ http://localhost:8000/gallery.html:525
[    2088ms] [LOG] Loading 3D model... 54.0% @ http://localhost:8000/gallery.html:525
[    2088ms] [LOG] Loading 3D model... 54.1% @ http://localhost:8000/gallery.html:525
[    2088ms] [LOG] Loading 3D model... 54.2% @ http://localhost:8000/gallery.html:525
[    2088ms] [LOG] Loading 3D model... 54.3% @ http://localhost:8000/gallery.html:525
[    2088ms] [LOG] Loading 3D model... 54.4% @ http://localhost:8000/gallery.html:525
[    2088ms] [LOG] Loading 3D model... 54.6% @ http://localhost:8000/gallery.html:525
[    2088ms] [LOG] Loading 3D model... 54.7% @ http://localhost:8000/gallery.html:525
[    2088ms] [LOG] Loading 3D model... 54.8% @ http://localhost:8000/gallery.html:525
[    2089ms] [LOG] Loading 3D model... 54.9% @ http://localhost:8000/gallery.html:525
[    2089ms] [LOG] Loading 3D model... 55.0% @ http://localhost:8000/gallery.html:525
[    2089ms] [LOG] Loading 3D model... 55.1% @ http://localhost:8000/gallery.html:525
[    2089ms] [LOG] Loading 3D model... 55.2% @ http://localhost:8000/gallery.html:525
[    2089ms] [LOG] Loading 3D model... 55.3% @ http://localhost:8000/gallery.html:525
[    2089ms] [LOG] Loading 3D model... 55.5% @ http://localhost:8000/gallery.html:525
[    2089ms] [LOG] Loading 3D model... 55.6% @ http://localhost:8000/gallery.html:525
[    2089ms] [LOG] Loading 3D model... 55.7% @ http://localhost:8000/gallery.html:525
[    2089ms] [LOG] Loading 3D model... 55.8% @ http://localhost:8000/gallery.html:525
[    2090ms] [LOG] Loading 3D model... 55.9% @ http://localhost:8000/gallery.html:525
[    2090ms] [LOG] Loading 3D model... 56.0% @ http://localhost:8000/gallery.html:525
[    2090ms] [LOG] Loading 3D model... 56.1% @ http://localhost:8000/gallery.html:525
[    2090ms] [LOG] Loading 3D model... 56.3% @ http://localhost:8000/gallery.html:525
[    2090ms] [LOG] Loading 3D model... 56.4% @ http://localhost:8000/gallery.html:525
[    2092ms] [LOG] Loading 3D model... 56.5% @ http://localhost:8000/gallery.html:525
[    2092ms] [LOG] Loading 3D model... 56.6% @ http://localhost:8000/gallery.html:525
[    2092ms] [LOG] Loading 3D model... 56.7% @ http://localhost:8000/gallery.html:525
[    2092ms] [LOG] Loading 3D model... 56.8% @ http://localhost:8000/gallery.html:525
[    2093ms] [LOG] Loading 3D model... 56.9% @ http://localhost:8000/gallery.html:525
[    2093ms] [LOG] Loading 3D model... 57.0% @ http://localhost:8000/gallery.html:525
[    2093ms] [LOG] Loading 3D model... 57.2% @ http://localhost:8000/gallery.html:525
[    2093ms] [LOG] Loading 3D model... 57.3% @ http://localhost:8000/gallery.html:525
[    2093ms] [LOG] Loading 3D model... 57.4% @ http://localhost:8000/gallery.html:525
[    2093ms] [LOG] Loading 3D model... 57.5% @ http://localhost:8000/gallery.html:525
[    2093ms] [LOG] Loading 3D model... 57.6% @ http://localhost:8000/gallery.html:525
[    2093ms] [LOG] Loading 3D model... 57.7% @ http://localhost:8000/gallery.html:525
[    2096ms] [LOG] Loading 3D model... 57.8% @ http://localhost:8000/gallery.html:525
[    2096ms] [LOG] Loading 3D model... 58.0% @ http://localhost:8000/gallery.html:525
[    2097ms] [LOG] Loading 3D model... 58.1% @ http://localhost:8000/gallery.html:525
[    2102ms] [LOG] Loading 3D model... 58.2% @ http://localhost:8000/gallery.html:525
[    2102ms] [LOG] Loading 3D model... 61.7% @ http://localhost:8000/gallery.html:525
[    2103ms] [LOG] Loading 3D model... 61.9% @ http://localhost:8000/gallery.html:525
[    2103ms] [LOG] Loading 3D model... 62.0% @ http://localhost:8000/gallery.html:525
[    2103ms] [LOG] Loading 3D model... 62.2% @ http://localhost:8000/gallery.html:525
[    2104ms] [LOG] Loading 3D model... 62.3% @ http://localhost:8000/gallery.html:525
[    2104ms] [LOG] Loading 3D model... 62.4% @ http://localhost:8000/gallery.html:525
[    2107ms] [LOG] Loading 3D model... 62.5% @ http://localhost:8000/gallery.html:525
[    2107ms] [LOG] Loading 3D model... 62.6% @ http://localhost:8000/gallery.html:525
[    2107ms] [LOG] Loading 3D model... 62.7% @ http://localhost:8000/gallery.html:525
[    2107ms] [LOG] Loading 3D model... 62.8% @ http://localhost:8000/gallery.html:525
[    2108ms] [LOG] Loading 3D model... 62.9% @ http://localhost:8000/gallery.html:525
[    2108ms] [LOG] Loading 3D model... 63.1% @ http://localhost:8000/gallery.html:525
[    2108ms] [LOG] Loading 3D model... 63.2% @ http://localhost:8000/gallery.html:525
[    2108ms] [LOG] Loading 3D model... 63.3% @ http://localhost:8000/gallery.html:525
[    2108ms] [LOG] Loading 3D model... 63.4% @ http://localhost:8000/gallery.html:525
[    2108ms] [LOG] Loading 3D model... 63.5% @ http://localhost:8000/gallery.html:525
[    2108ms] [LOG] Loading 3D model... 63.6% @ http://localhost:8000/gallery.html:525
[    2108ms] [LOG] Loading 3D model... 63.7% @ http://localhost:8000/gallery.html:525
[    2109ms] [LOG] Loading 3D model... 63.9% @ http://localhost:8000/gallery.html:525
[    2109ms] [LOG] Loading 3D model... 64.0% @ http://localhost:8000/gallery.html:525
[    2109ms] [LOG] Loading 3D model... 64.1% @ http://localhost:8000/gallery.html:525
[    2109ms] [LOG] Loading 3D model... 64.2% @ http://localhost:8000/gallery.html:525
[    2109ms] [LOG] Loading 3D model... 64.3% @ http://localhost:8000/gallery.html:525
[    2109ms] [LOG] Loading 3D model... 64.4% @ http://localhost:8000/gallery.html:525
[    2109ms] [LOG] Loading 3D model... 64.5% @ http://localhost:8000/gallery.html:525
[    2109ms] [LOG] Loading 3D model... 64.6% @ http://localhost:8000/gallery.html:525
[    2112ms] [LOG] Loading 3D model... 64.9% @ http://localhost:8000/gallery.html:525
[    2112ms] [LOG] Loading 3D model... 65.0% @ http://localhost:8000/gallery.html:525
[    2112ms] [LOG] Loading 3D model... 65.1% @ http://localhost:8000/gallery.html:525
[    2112ms] [LOG] Loading 3D model... 65.2% @ http://localhost:8000/gallery.html:525
[    2112ms] [LOG] Loading 3D model... 65.3% @ http://localhost:8000/gallery.html:525
[    2113ms] [LOG] Loading 3D model... 65.4% @ http://localhost:8000/gallery.html:525
[    2113ms] [LOG] Loading 3D model... 65.6% @ http://localhost:8000/gallery.html:525
[    2113ms] [LOG] Loading 3D model... 65.7% @ http://localhost:8000/gallery.html:525
[    2113ms] [LOG] Loading 3D model... 65.8% @ http://localhost:8000/gallery.html:525
[    2113ms] [LOG] Loading 3D model... 65.9% @ http://localhost:8000/gallery.html:525
[    2113ms] [LOG] Loading 3D model... 66.0% @ http://localhost:8000/gallery.html:525
[    2114ms] [LOG] Loading 3D model... 66.1% @ http://localhost:8000/gallery.html:525
[    2114ms] [LOG] Loading 3D model... 66.2% @ http://localhost:8000/gallery.html:525
[    2114ms] [LOG] Loading 3D model... 66.3% @ http://localhost:8000/gallery.html:525
[    2114ms] [LOG] Loading 3D model... 66.5% @ http://localhost:8000/gallery.html:525
[    2114ms] [LOG] Loading 3D model... 66.6% @ http://localhost:8000/gallery.html:525
[    2114ms] [LOG] Loading 3D model... 66.7% @ http://localhost:8000/gallery.html:525
[    2114ms] [LOG] Loading 3D model... 66.8% @ http://localhost:8000/gallery.html:525
[    2114ms] [LOG] Loading 3D model... 66.9% @ http://localhost:8000/gallery.html:525
[    2114ms] [LOG] Loading 3D model... 67.0% @ http://localhost:8000/gallery.html:525
[    2115ms] [LOG] Loading 3D model... 67.1% @ http://localhost:8000/gallery.html:525
[    2115ms] [LOG] Loading 3D model... 67.3% @ http://localhost:8000/gallery.html:525
[    2115ms] [LOG] Loading 3D model... 67.4% @ http://localhost:8000/gallery.html:525
[    2115ms] [LOG] Loading 3D model... 67.5% @ http://localhost:8000/gallery.html:525
[    2115ms] [LOG] Loading 3D model... 67.6% @ http://localhost:8000/gallery.html:525
[    2115ms] [LOG] Loading 3D model... 67.7% @ http://localhost:8000/gallery.html:525
[    2115ms] [LOG] Loading 3D model... 67.8% @ http://localhost:8000/gallery.html:525
[    2116ms] [LOG] Loading 3D model... 67.9% @ http://localhost:8000/gallery.html:525
[    2116ms] [LOG] Loading 3D model... 68.0% @ http://localhost:8000/gallery.html:525
[    2116ms] [LOG] Loading 3D model... 68.2% @ http://localhost:8000/gallery.html:525
[    2116ms] [LOG] Loading 3D model... 68.3% @ http://localhost:8000/gallery.html:525
[    2116ms] [LOG] Loading 3D model... 68.4% @ http://localhost:8000/gallery.html:525
[    2116ms] [LOG] Loading 3D model... 68.5% @ http://localhost:8000/gallery.html:525
[    2116ms] [LOG] Loading 3D model... 68.6% @ http://localhost:8000/gallery.html:525
[    2116ms] [LOG] Loading 3D model... 68.7% @ http://localhost:8000/gallery.html:525
[    2116ms] [LOG] Loading 3D model... 68.8% @ http://localhost:8000/gallery.html:525
[    2116ms] [LOG] Loading 3D model... 69.0% @ http://localhost:8000/gallery.html:525
[    2117ms] [LOG] Loading 3D model... 69.1% @ http://localhost:8000/gallery.html:525
[    2117ms] [LOG] Loading 3D model... 69.2% @ http://localhost:8000/gallery.html:525
[    2117ms] [LOG] Loading 3D model... 69.3% @ http://localhost:8000/gallery.html:525
[    2117ms] [LOG] Loading 3D model... 69.4% @ http://localhost:8000/gallery.html:525
[    2117ms] [LOG] Loading 3D model... 69.5% @ http://localhost:8000/gallery.html:525
[    2117ms] [LOG] Loading 3D model... 69.6% @ http://localhost:8000/gallery.html:525
[    2117ms] [LOG] Loading 3D model... 69.7% @ http://localhost:8000/gallery.html:525
[    2117ms] [LOG] Loading 3D model... 69.9% @ http://localhost:8000/gallery.html:525
[    2118ms] [LOG] Loading 3D model... 70.0% @ http://localhost:8000/gallery.html:525
[    2118ms] [LOG] Loading 3D model... 70.1% @ http://localhost:8000/gallery.html:525
[    2118ms] [LOG] Loading 3D model... 70.2% @ http://localhost:8000/gallery.html:525
[    2118ms] [LOG] Loading 3D model... 70.3% @ http://localhost:8000/gallery.html:525
[    2118ms] [LOG] Loading 3D model... 70.4% @ http://localhost:8000/gallery.html:525
[    2118ms] [LOG] Loading 3D model... 70.5% @ http://localhost:8000/gallery.html:525
[    2118ms] [LOG] Loading 3D model... 70.7% @ http://localhost:8000/gallery.html:525
[    2118ms] [LOG] Loading 3D model... 70.8% @ http://localhost:8000/gallery.html:525
[    2119ms] [LOG] Loading 3D model... 70.9% @ http://localhost:8000/gallery.html:525
[    2119ms] [LOG] Loading 3D model... 71.0% @ http://localhost:8000/gallery.html:525
[    2119ms] [LOG] Loading 3D model... 71.1% @ http://localhost:8000/gallery.html:525
[    2119ms] [LOG] Loading 3D model... 71.2% @ http://localhost:8000/gallery.html:525
[    2119ms] [LOG] Loading 3D model... 71.3% @ http://localhost:8000/gallery.html:525
[    2119ms] [LOG] Loading 3D model... 71.5% @ http://localhost:8000/gallery.html:525
[    2119ms] [LOG] Loading 3D model... 71.6% @ http://localhost:8000/gallery.html:525
[    2120ms] [LOG] Loading 3D model... 71.7% @ http://localhost:8000/gallery.html:525
[    2120ms] [LOG] Loading 3D model... 71.9% @ http://localhost:8000/gallery.html:525
[    2120ms] [LOG] Loading 3D model... 72.0% @ http://localhost:8000/gallery.html:525
[    2121ms] [LOG] Loading 3D model... 72.1% @ http://localhost:8000/gallery.html:525
[    2123ms] [LOG] Loading 3D model... 72.2% @ http://localhost:8000/gallery.html:525
[    2123ms] [LOG] Loading 3D model... 72.4% @ http://localhost:8000/gallery.html:525
[    2123ms] [LOG] Loading 3D model... 72.5% @ http://localhost:8000/gallery.html:525
[    2123ms] [LOG] Loading 3D model... 72.6% @ http://localhost:8000/gallery.html:525
[    2124ms] [LOG] Loading 3D model... 72.7% @ http://localhost:8000/gallery.html:525
[    2124ms] [LOG] Loading 3D model... 72.8% @ http://localhost:8000/gallery.html:525
[    2124ms] [LOG] Loading 3D model... 72.9% @ http://localhost:8000/gallery.html:525
[    2124ms] [LOG] Loading 3D model... 73.0% @ http://localhost:8000/gallery.html:525
[    2124ms] [LOG] Loading 3D model... 73.2% @ http://localhost:8000/gallery.html:525
[    2124ms] [LOG] Loading 3D model... 73.3% @ http://localhost:8000/gallery.html:525
[    2125ms] [LOG] Loading 3D model... 73.4% @ http://localhost:8000/gallery.html:525
[    2125ms] [LOG] Loading 3D model... 73.5% @ http://localhost:8000/gallery.html:525
[    2125ms] [LOG] Loading 3D model... 73.6% @ http://localhost:8000/gallery.html:525
[    2125ms] [LOG] Loading 3D model... 73.7% @ http://localhost:8000/gallery.html:525
[    2125ms] [LOG] Loading 3D model... 73.8% @ http://localhost:8000/gallery.html:525
[    2125ms] [LOG] Loading 3D model... 73.9% @ http://localhost:8000/gallery.html:525
[    2125ms] [LOG] Loading 3D model... 74.1% @ http://localhost:8000/gallery.html:525
[    2125ms] [LOG] Loading 3D model... 74.2% @ http://localhost:8000/gallery.html:525
[    2126ms] [LOG] Loading 3D model... 74.3% @ http://localhost:8000/gallery.html:525
[    2126ms] [LOG] Loading 3D model... 74.4% @ http://localhost:8000/gallery.html:525
[    2126ms] [LOG] Loading 3D model... 74.5% @ http://localhost:8000/gallery.html:525
[    2126ms] [LOG] Loading 3D model... 74.6% @ http://localhost:8000/gallery.html:525
[    2126ms] [LOG] Loading 3D model... 74.7% @ http://localhost:8000/gallery.html:525
[    2126ms] [LOG] Loading 3D model... 74.9% @ http://localhost:8000/gallery.html:525
[    2126ms] [LOG] Loading 3D model... 75.0% @ http://localhost:8000/gallery.html:525
[    2126ms] [LOG] Loading 3D model... 75.1% @ http://localhost:8000/gallery.html:525
[    2126ms] [LOG] Loading 3D model... 75.2% @ http://localhost:8000/gallery.html:525
[    2127ms] [LOG] Loading 3D model... 75.3% @ http://localhost:8000/gallery.html:525
[    2127ms] [LOG] Loading 3D model... 75.4% @ http://localhost:8000/gallery.html:525
[    2127ms] [LOG] Loading 3D model... 75.5% @ http://localhost:8000/gallery.html:525
[    2127ms] [LOG] Loading 3D model... 75.6% @ http://localhost:8000/gallery.html:525
[    2127ms] [LOG] Loading 3D model... 75.8% @ http://localhost:8000/gallery.html:525
[    2127ms] [LOG] Loading 3D model... 76.0% @ http://localhost:8000/gallery.html:525
[    2128ms] [LOG] Loading 3D model... 76.1% @ http://localhost:8000/gallery.html:525
[    2128ms] [LOG] Loading 3D model... 76.2% @ http://localhost:8000/gallery.html:525
[    2128ms] [LOG] Loading 3D model... 76.3% @ http://localhost:8000/gallery.html:525
[    2128ms] [LOG] Loading 3D model... 76.4% @ http://localhost:8000/gallery.html:525
[    2129ms] [LOG] Loading 3D model... 76.6% @ http://localhost:8000/gallery.html:525
[    2129ms] [LOG] Loading 3D model... 76.7% @ http://localhost:8000/gallery.html:525
[    2130ms] [LOG] Loading 3D model... 76.9% @ http://localhost:8000/gallery.html:525
[    2130ms] [LOG] Loading 3D model... 77.0% @ http://localhost:8000/gallery.html:525
[    2130ms] [LOG] Loading 3D model... 77.1% @ http://localhost:8000/gallery.html:525
[    2133ms] [LOG] Loading 3D model... 77.2% @ http://localhost:8000/gallery.html:525
[    2133ms] [LOG] Loading 3D model... 77.3% @ http://localhost:8000/gallery.html:525
[    2133ms] [LOG] Loading 3D model... 77.5% @ http://localhost:8000/gallery.html:525
[    2133ms] [LOG] Loading 3D model... 77.6% @ http://localhost:8000/gallery.html:525
[    2133ms] [LOG] Loading 3D model... 77.7% @ http://localhost:8000/gallery.html:525
[    2133ms] [LOG] Loading 3D model... 77.8% @ http://localhost:8000/gallery.html:525
[    2133ms] [LOG] Loading 3D model... 78.0% @ http://localhost:8000/gallery.html:525
[    2134ms] [LOG] Loading 3D model... 78.1% @ http://localhost:8000/gallery.html:525
[    2134ms] [LOG] Loading 3D model... 78.3% @ http://localhost:8000/gallery.html:525
[    2134ms] [LOG] Loading 3D model... 78.4% @ http://localhost:8000/gallery.html:525
[    2134ms] [LOG] Loading 3D model... 78.5% @ http://localhost:8000/gallery.html:525
[    2134ms] [LOG] Loading 3D model... 78.6% @ http://localhost:8000/gallery.html:525
[    2134ms] [LOG] Loading 3D model... 78.7% @ http://localhost:8000/gallery.html:525
[    2134ms] [LOG] Loading 3D model... 78.8% @ http://localhost:8000/gallery.html:525
[    2134ms] [LOG] Loading 3D model... 78.9% @ http://localhost:8000/gallery.html:525
[    2134ms] [LOG] Loading 3D model... 79.0% @ http://localhost:8000/gallery.html:525
[    2134ms] [LOG] Loading 3D model... 79.2% @ http://localhost:8000/gallery.html:525
[    2135ms] [LOG] Loading 3D model... 79.3% @ http://localhost:8000/gallery.html:525
[    2135ms] [LOG] Loading 3D model... 79.4% @ http://localhost:8000/gallery.html:525
[    2135ms] [LOG] Loading 3D model... 79.5% @ http://localhost:8000/gallery.html:525
[    2135ms] [LOG] Loading 3D model... 79.6% @ http://localhost:8000/gallery.html:525
[    2135ms] [LOG] Loading 3D model... 79.7% @ http://localhost:8000/gallery.html:525
[    2135ms] [LOG] Loading 3D model... 79.8% @ http://localhost:8000/gallery.html:525
[    2135ms] [LOG] Loading 3D model... 80.0% @ http://localhost:8000/gallery.html:525
[    2135ms] [LOG] Loading 3D model... 80.1% @ http://localhost:8000/gallery.html:525
[    2136ms] [LOG] Loading 3D model... 80.2% @ http://localhost:8000/gallery.html:525
[    2136ms] [LOG] Loading 3D model... 80.3% @ http://localhost:8000/gallery.html:525
[    2136ms] [LOG] Loading 3D model... 80.4% @ http://localhost:8000/gallery.html:525
[    2136ms] [LOG] Loading 3D model... 80.5% @ http://localhost:8000/gallery.html:525
[    2136ms] [LOG] Loading 3D model... 80.6% @ http://localhost:8000/gallery.html:525
[    2136ms] [LOG] Loading 3D model... 80.8% @ http://localhost:8000/gallery.html:525
[    2136ms] [LOG] Loading 3D model... 80.9% @ http://localhost:8000/gallery.html:525
[    2137ms] [LOG] Loading 3D model... 81.0% @ http://localhost:8000/gallery.html:525
[    2137ms] [LOG] Loading 3D model... 81.1% @ http://localhost:8000/gallery.html:525
[    2137ms] [LOG] Loading 3D model... 81.2% @ http://localhost:8000/gallery.html:525
[    2137ms] [LOG] Loading 3D model... 81.3% @ http://localhost:8000/gallery.html:525
[    2137ms] [LOG] Loading 3D model... 81.4% @ http://localhost:8000/gallery.html:525
[    2138ms] [LOG] Loading 3D model... 81.5% @ http://localhost:8000/gallery.html:525
[    2138ms] [LOG] Loading 3D model... 81.7% @ http://localhost:8000/gallery.html:525
[    2138ms] [LOG] Loading 3D model... 81.8% @ http://localhost:8000/gallery.html:525
[    2138ms] [LOG] Loading 3D model... 81.9% @ http://localhost:8000/gallery.html:525
[    2138ms] [LOG] Loading 3D model... 82.0% @ http://localhost:8000/gallery.html:525
[    2138ms] [LOG] Loading 3D model... 82.1% @ http://localhost:8000/gallery.html:525
[    2138ms] [LOG] Loading 3D model... 82.2% @ http://localhost:8000/gallery.html:525
[    2138ms] [LOG] Loading 3D model... 82.3% @ http://localhost:8000/gallery.html:525
[    2141ms] [LOG] Loading 3D model... 82.5% @ http://localhost:8000/gallery.html:525
[    2141ms] [LOG] Loading 3D model... 82.6% @ http://localhost:8000/gallery.html:525
[    2142ms] [LOG] Loading 3D model... 82.7% @ http://localhost:8000/gallery.html:525
[    2142ms] [LOG] Loading 3D model... 82.8% @ http://localhost:8000/gallery.html:525
[    2142ms] [LOG] Loading 3D model... 82.9% @ http://localhost:8000/gallery.html:525
[    2142ms] [LOG] Loading 3D model... 83.0% @ http://localhost:8000/gallery.html:525
[    2142ms] [LOG] Loading 3D model... 83.1% @ http://localhost:8000/gallery.html:525
[    2142ms] [LOG] Loading 3D model... 83.2% @ http://localhost:8000/gallery.html:525
[    2142ms] [LOG] Loading 3D model... 83.4% @ http://localhost:8000/gallery.html:525
[    2142ms] [LOG] Loading 3D model... 83.5% @ http://localhost:8000/gallery.html:525
[    2142ms] [LOG] Loading 3D model... 83.6% @ http://localhost:8000/gallery.html:525
[    2142ms] [LOG] Loading 3D model... 83.7% @ http://localhost:8000/gallery.html:525
[    2143ms] [LOG] Loading 3D model... 83.8% @ http://localhost:8000/gallery.html:525
[    2143ms] [LOG] Loading 3D model... 83.9% @ http://localhost:8000/gallery.html:525
[    2143ms] [LOG] Loading 3D model... 84.0% @ http://localhost:8000/gallery.html:525
[    2143ms] [LOG] Loading 3D model... 84.2% @ http://localhost:8000/gallery.html:525
[    2143ms] [LOG] Loading 3D model... 84.3% @ http://localhost:8000/gallery.html:525
[    2143ms] [LOG] Loading 3D model... 84.4% @ http://localhost:8000/gallery.html:525
[    2144ms] [LOG] Loading 3D model... 84.5% @ http://localhost:8000/gallery.html:525
[    2144ms] [LOG] Loading 3D model... 84.6% @ http://localhost:8000/gallery.html:525
[    2145ms] [LOG] Loading 3D model... 84.7% @ http://localhost:8000/gallery.html:525
[    2145ms] [LOG] Loading 3D model... 84.8% @ http://localhost:8000/gallery.html:525
[    2145ms] [LOG] Loading 3D model... 84.9% @ http://localhost:8000/gallery.html:525
[    2145ms] [LOG] Loading 3D model... 85.1% @ http://localhost:8000/gallery.html:525
[    2145ms] [LOG] Loading 3D model... 85.2% @ http://localhost:8000/gallery.html:525
[    2145ms] [LOG] Loading 3D model... 85.3% @ http://localhost:8000/gallery.html:525
[    2146ms] [LOG] Loading 3D model... 85.4% @ http://localhost:8000/gallery.html:525
[    2146ms] [LOG] Loading 3D model... 85.5% @ http://localhost:8000/gallery.html:525
[    2146ms] [LOG] Loading 3D model... 85.6% @ http://localhost:8000/gallery.html:525
[    2146ms] [LOG] Loading 3D model... 85.7% @ http://localhost:8000/gallery.html:525
[    2146ms] [LOG] Loading 3D model... 86.0% @ http://localhost:8000/gallery.html:525
[    2146ms] [LOG] Loading 3D model... 86.1% @ http://localhost:8000/gallery.html:525
[    2146ms] [LOG] Loading 3D model... 86.2% @ http://localhost:8000/gallery.html:525
[    2147ms] [LOG] Loading 3D model... 86.3% @ http://localhost:8000/gallery.html:525
[    2147ms] [LOG] Loading 3D model... 86.4% @ http://localhost:8000/gallery.html:525
[    2147ms] [LOG] Loading 3D model... 86.5% @ http://localhost:8000/gallery.html:525
[    2147ms] [LOG] Loading 3D model... 86.6% @ http://localhost:8000/gallery.html:525
[    2147ms] [LOG] Loading 3D model... 86.8% @ http://localhost:8000/gallery.html:525
[    2147ms] [LOG] Loading 3D model... 86.9% @ http://localhost:8000/gallery.html:525
[    2147ms] [LOG] Loading 3D model... 87.0% @ http://localhost:8000/gallery.html:525
[    2147ms] [LOG] Loading 3D model... 87.1% @ http://localhost:8000/gallery.html:525
[    2148ms] [LOG] Loading 3D model... 87.2% @ http://localhost:8000/gallery.html:525
[    2148ms] [LOG] Loading 3D model... 87.3% @ http://localhost:8000/gallery.html:525
[    2148ms] [LOG] Loading 3D model... 87.4% @ http://localhost:8000/gallery.html:525
[    2148ms] [LOG] Loading 3D model... 87.6% @ http://localhost:8000/gallery.html:525
[    2151ms] [LOG] Loading 3D model... 87.7% @ http://localhost:8000/gallery.html:525
[    2151ms] [LOG] Loading 3D model... 87.8% @ http://localhost:8000/gallery.html:525
[    2152ms] [LOG] Loading 3D model... 87.9% @ http://localhost:8000/gallery.html:525
[    2152ms] [LOG] Loading 3D model... 88.0% @ http://localhost:8000/gallery.html:525
[    2152ms] [LOG] Loading 3D model... 88.1% @ http://localhost:8000/gallery.html:525
[    2152ms] [LOG] Loading 3D model... 88.2% @ http://localhost:8000/gallery.html:525
[    2152ms] [LOG] Loading 3D model... 88.5% @ http://localhost:8000/gallery.html:525
[    2153ms] [LOG] Loading 3D model... 88.6% @ http://localhost:8000/gallery.html:525
[    2153ms] [LOG] Loading 3D model... 88.7% @ http://localhost:8000/gallery.html:525
[    2154ms] [LOG] Loading 3D model... 88.8% @ http://localhost:8000/gallery.html:525
[    2155ms] [LOG] Loading 3D model... 88.9% @ http://localhost:8000/gallery.html:525
[    2155ms] [LOG] Loading 3D model... 89.1% @ http://localhost:8000/gallery.html:525
[    2155ms] [LOG] Loading 3D model... 89.3% @ http://localhost:8000/gallery.html:525
[    2155ms] [LOG] Loading 3D model... 89.4% @ http://localhost:8000/gallery.html:525
[    2155ms] [LOG] Loading 3D model... 89.5% @ http://localhost:8000/gallery.html:525
[    2155ms] [LOG] Loading 3D model... 89.6% @ http://localhost:8000/gallery.html:525
[    2155ms] [LOG] Loading 3D model... 89.7% @ http://localhost:8000/gallery.html:525
[    2155ms] [LOG] Loading 3D model... 89.8% @ http://localhost:8000/gallery.html:525
[    2156ms] [LOG] Loading 3D model... 89.9% @ http://localhost:8000/gallery.html:525
[    2156ms] [LOG] Loading 3D model... 90.1% @ http://localhost:8000/gallery.html:525
[    2156ms] [LOG] Loading 3D model... 90.2% @ http://localhost:8000/gallery.html:525
[    2156ms] [LOG] Loading 3D model... 90.3% @ http://localhost:8000/gallery.html:525
[    2156ms] [LOG] Loading 3D model... 90.4% @ http://localhost:8000/gallery.html:525
[    2156ms] [LOG] Loading 3D model... 90.5% @ http://localhost:8000/gallery.html:525
[    2156ms] [LOG] Loading 3D model... 90.6% @ http://localhost:8000/gallery.html:525
[    2156ms] [LOG] Loading 3D model... 90.7% @ http://localhost:8000/gallery.html:525
[    2156ms] [LOG] Loading 3D model... 90.8% @ http://localhost:8000/gallery.html:525
[    2156ms] [LOG] Loading 3D model... 91.0% @ http://localhost:8000/gallery.html:525
[    2157ms] [LOG] Loading 3D model... 91.1% @ http://localhost:8000/gallery.html:525
[    2157ms] [LOG] Loading 3D model... 91.2% @ http://localhost:8000/gallery.html:525
[    2157ms] [LOG] Loading 3D model... 91.3% @ http://localhost:8000/gallery.html:525
[    2157ms] [LOG] Loading 3D model... 91.4% @ http://localhost:8000/gallery.html:525
[    2157ms] [LOG] Loading 3D model... 91.5% @ http://localhost:8000/gallery.html:525
[    2157ms] [LOG] Loading 3D model... 91.6% @ http://localhost:8000/gallery.html:525
[    2157ms] [LOG] Loading 3D model... 91.8% @ http://localhost:8000/gallery.html:525
[    2157ms] [LOG] Loading 3D model... 91.9% @ http://localhost:8000/gallery.html:525
[    2158ms] [LOG] Loading 3D model... 92.0% @ http://localhost:8000/gallery.html:525
[    2158ms] [LOG] Loading 3D model... 92.1% @ http://localhost:8000/gallery.html:525
[    2158ms] [LOG] Loading 3D model... 92.2% @ http://localhost:8000/gallery.html:525
[    2158ms] [LOG] Loading 3D model... 92.3% @ http://localhost:8000/gallery.html:525
[    2158ms] [LOG] Loading 3D model... 92.4% @ http://localhost:8000/gallery.html:525
[    2158ms] [LOG] Loading 3D model... 92.5% @ http://localhost:8000/gallery.html:525
[    2158ms] [LOG] Loading 3D model... 92.7% @ http://localhost:8000/gallery.html:525
[    2158ms] [LOG] Loading 3D model... 92.8% @ http://localhost:8000/gallery.html:525
[    2160ms] [LOG] Loading 3D model... 92.9% @ http://localhost:8000/gallery.html:525
[    2160ms] [LOG] Loading 3D model... 93.0% @ http://localhost:8000/gallery.html:525
[    2160ms] [LOG] Loading 3D model... 93.1% @ http://localhost:8000/gallery.html:525
[    2160ms] [LOG] Loading 3D model... 93.2% @ http://localhost:8000/gallery.html:525
[    2160ms] [LOG] Loading 3D model... 93.3% @ http://localhost:8000/gallery.html:525
[    2160ms] [LOG] Loading 3D model... 93.5% @ http://localhost:8000/gallery.html:525
[    2161ms] [LOG] Loading 3D model... 93.6% @ http://localhost:8000/gallery.html:525
[    2161ms] [LOG] Loading 3D model... 93.7% @ http://localhost:8000/gallery.html:525
[    2161ms] [LOG] Loading 3D model... 93.8% @ http://localhost:8000/gallery.html:525
[    2161ms] [LOG] Loading 3D model... 93.9% @ http://localhost:8000/gallery.html:525
[    2161ms] [LOG] Loading 3D model... 94.0% @ http://localhost:8000/gallery.html:525
[    2161ms] [LOG] Loading 3D model... 94.1% @ http://localhost:8000/gallery.html:525
[    2162ms] [LOG] Loading 3D model... 94.2% @ http://localhost:8000/gallery.html:525
[    2162ms] [LOG] Loading 3D model... 94.4% @ http://localhost:8000/gallery.html:525
[    2162ms] [LOG] Loading 3D model... 94.5% @ http://localhost:8000/gallery.html:525
[    2162ms] [LOG] Loading 3D model... 94.6% @ http://localhost:8000/gallery.html:525
[    2165ms] [LOG] Loading 3D model... 94.7% @ http://localhost:8000/gallery.html:525
[    2165ms] [LOG] Loading 3D model... 94.8% @ http://localhost:8000/gallery.html:525
[    2165ms] [LOG] Loading 3D model... 94.9% @ http://localhost:8000/gallery.html:525
[    2165ms] [LOG] Loading 3D model... 95.0% @ http://localhost:8000/gallery.html:525
[    2166ms] [LOG] Loading 3D model... 95.2% @ http://localhost:8000/gallery.html:525
[    2166ms] [LOG] Loading 3D model... 95.3% @ http://localhost:8000/gallery.html:525
[    2166ms] [LOG] Loading 3D model... 95.4% @ http://localhost:8000/gallery.html:525
[    2166ms] [LOG] Loading 3D model... 95.5% @ http://localhost:8000/gallery.html:525
[    2166ms] [LOG] Loading 3D model... 95.6% @ http://localhost:8000/gallery.html:525
[    2166ms] [LOG] Loading 3D model... 95.7% @ http://localhost:8000/gallery.html:525
[    2166ms] [LOG] Loading 3D model... 95.8% @ http://localhost:8000/gallery.html:525
[    2166ms] [LOG] Loading 3D model... 95.9% @ http://localhost:8000/gallery.html:525
[    2166ms] [LOG] Loading 3D model... 96.1% @ http://localhost:8000/gallery.html:525
[    2166ms] [LOG] Loading 3D model... 96.2% @ http://localhost:8000/gallery.html:525
[    2167ms] [LOG] Loading 3D model... 96.3% @ http://localhost:8000/gallery.html:525
[    2167ms] [LOG] Loading 3D model... 96.4% @ http://localhost:8000/gallery.html:525
[    2167ms] [LOG] Loading 3D model... 96.5% @ http://localhost:8000/gallery.html:525
[    2167ms] [LOG] Loading 3D model... 96.6% @ http://localhost:8000/gallery.html:525
[    2167ms] [LOG] Loading 3D model... 96.7% @ http://localhost:8000/gallery.html:525
[    2167ms] [LOG] Loading 3D model... 96.9% @ http://localhost:8000/gallery.html:525
[    2167ms] [LOG] Loading 3D model... 97.0% @ http://localhost:8000/gallery.html:525
[    2167ms] [LOG] Loading 3D model... 97.1% @ http://localhost:8000/gallery.html:525
[    2168ms] [LOG] Loading 3D model... 97.2% @ http://localhost:8000/gallery.html:525
[    2168ms] [LOG] Loading 3D model... 97.3% @ http://localhost:8000/gallery.html:525
[    2168ms] [LOG] Loading 3D model... 97.4% @ http://localhost:8000/gallery.html:525
[    2168ms] [LOG] Loading 3D model... 97.5% @ http://localhost:8000/gallery.html:525
[    2168ms] [LOG] Loading 3D model... 97.6% @ http://localhost:8000/gallery.html:525
[    2168ms] [LOG] Loading 3D model... 97.8% @ http://localhost:8000/gallery.html:525
[    2168ms] [LOG] Loading 3D model... 97.9% @ http://localhost:8000/gallery.html:525
[    2168ms] [LOG] Loading 3D model... 98.0% @ http://localhost:8000/gallery.html:525
[    2171ms] [LOG] Loading 3D model... 98.1% @ http://localhost:8000/gallery.html:525
[    2171ms] [LOG] Loading 3D model... 98.2% @ http://localhost:8000/gallery.html:525
[    2171ms] [LOG] Loading 3D model... 98.3% @ http://localhost:8000/gallery.html:525
[    2171ms] [LOG] Loading 3D model... 98.4% @ http://localhost:8000/gallery.html:525
[    2171ms] [LOG] Loading 3D model... 98.6% @ http://localhost:8000/gallery.html:525
[    2171ms] [LOG] Loading 3D model... 98.7% @ http://localhost:8000/gallery.html:525
[    2171ms] [LOG] Loading 3D model... 98.8% @ http://localhost:8000/gallery.html:525
[    2172ms] [LOG] Loading 3D model... 98.9% @ http://localhost:8000/gallery.html:525
[    2172ms] [LOG] Loading 3D model... 99.0% @ http://localhost:8000/gallery.html:525
[    2172ms] [LOG] Loading 3D model... 99.1% @ http://localhost:8000/gallery.html:525
[    2172ms] [LOG] Loading 3D model... 99.2% @ http://localhost:8000/gallery.html:525
[    2172ms] [LOG] Loading 3D model... 99.4% @ http://localhost:8000/gallery.html:525
[    2174ms] [LOG] Loading 3D model... 99.5% @ http://localhost:8000/gallery.html:525
[    2174ms] [LOG] Loading 3D model... 99.6% @ http://localhost:8000/gallery.html:525
[    2175ms] [LOG] Loading 3D model... 99.7% @ http://localhost:8000/gallery.html:525
[    2175ms] [LOG] Loading 3D model... 99.8% @ http://localhost:8000/gallery.html:525
[    2175ms] [LOG] Loading 3D model... 99.9% @ http://localhost:8000/gallery.html:525
[    2175ms] [LOG] Loading 3D model... 100.0% @ http://localhost:8000/gallery.html:525
[    2744ms] [LOG] 3D model loaded successfully @ http://localhost:8000/gallery.html:505
[    2861ms] [LOG] Successfully loaded all assets for birdcage @ http://localhost:8000/gallery.html:475
